Archive member included to satisfy reference by file (symbol)

C:/analog/cfs/1.0.0/SDK/MAX/Libraries/PeriphDrivers/bin/MAX78000/spi-v1_softfp/libPeriphDriver_spi-v1_softfp.a(mxc_delay.o)
                              c:/MaximSDK/Examples/MAX78000/Flash-activity/build/main.o (MXC_Delay)
C:/analog/cfs/1.0.0/SDK/MAX/Libraries/PeriphDrivers/bin/MAX78000/spi-v1_softfp/libPeriphDriver_spi-v1_softfp.a(nvic_table.o)
                              c:/MaximSDK/Examples/MAX78000/Flash-activity/build/camera.o (MXC_NVIC_SetVector)
C:/analog/cfs/1.0.0/SDK/MAX/Libraries/PeriphDrivers/bin/MAX78000/spi-v1_softfp/libPeriphDriver_spi-v1_softfp.a(pins_ai85.o)
                              c:/MaximSDK/Examples/MAX78000/Flash-activity/build/camera.o (gpio_cfg_pcif_xclk)
C:/analog/cfs/1.0.0/SDK/MAX/Libraries/PeriphDrivers/bin/MAX78000/spi-v1_softfp/libPeriphDriver_spi-v1_softfp.a(sys_ai85.o)
                              c:/MaximSDK/Examples/MAX78000/Flash-activity/build/board.o (MXC_SYS_ClockEnable)
C:/analog/cfs/1.0.0/SDK/MAX/Libraries/PeriphDrivers/bin/MAX78000/spi-v1_softfp/libPeriphDriver_spi-v1_softfp.a(aes_me17.o)
                              C:/analog/cfs/1.0.0/SDK/MAX/Libraries/PeriphDrivers/bin/MAX78000/spi-v1_softfp/libPeriphDriver_spi-v1_softfp.a(sys_ai85.o) (MXC_AES_Init)
C:/analog/cfs/1.0.0/SDK/MAX/Libraries/PeriphDrivers/bin/MAX78000/spi-v1_softfp/libPeriphDriver_spi-v1_softfp.a(aes_revb.o)
                              C:/analog/cfs/1.0.0/SDK/MAX/Libraries/PeriphDrivers/bin/MAX78000/spi-v1_softfp/libPeriphDriver_spi-v1_softfp.a(aes_me17.o) (MXC_AES_RevB_Init)
C:/analog/cfs/1.0.0/SDK/MAX/Libraries/PeriphDrivers/bin/MAX78000/spi-v1_softfp/libPeriphDriver_spi-v1_softfp.a(cameraif_ai85.o)
                              c:/MaximSDK/Examples/MAX78000/Flash-activity/build/camera.o (MXC_PCIF_Init)
C:/analog/cfs/1.0.0/SDK/MAX/Libraries/PeriphDrivers/bin/MAX78000/spi-v1_softfp/libPeriphDriver_spi-v1_softfp.a(cameraif_reva.o)
                              C:/analog/cfs/1.0.0/SDK/MAX/Libraries/PeriphDrivers/bin/MAX78000/spi-v1_softfp/libPeriphDriver_spi-v1_softfp.a(cameraif_ai85.o) (MXC_PCIF_RevA_SetDatawidth)
C:/analog/cfs/1.0.0/SDK/MAX/Libraries/PeriphDrivers/bin/MAX78000/spi-v1_softfp/libPeriphDriver_spi-v1_softfp.a(dma_me17.o)
                              c:/MaximSDK/Examples/MAX78000/Flash-activity/build/fastspi.o (MXC_DMA_Init)
C:/analog/cfs/1.0.0/SDK/MAX/Libraries/PeriphDrivers/bin/MAX78000/spi-v1_softfp/libPeriphDriver_spi-v1_softfp.a(dma_reva.o)
                              C:/analog/cfs/1.0.0/SDK/MAX/Libraries/PeriphDrivers/bin/MAX78000/spi-v1_softfp/libPeriphDriver_spi-v1_softfp.a(dma_me17.o) (MXC_DMA_RevA_Init)
C:/analog/cfs/1.0.0/SDK/MAX/Libraries/PeriphDrivers/bin/MAX78000/spi-v1_softfp/libPeriphDriver_spi-v1_softfp.a(flc_me17.o)
                              C:/analog/cfs/1.0.0/SDK/MAX/Libraries/PeriphDrivers/bin/MAX78000/spi-v1_softfp/libPeriphDriver_spi-v1_softfp.a(sys_ai85.o) (MXC_FLC_UnlockInfoBlock)
C:/analog/cfs/1.0.0/SDK/MAX/Libraries/PeriphDrivers/bin/MAX78000/spi-v1_softfp/libPeriphDriver_spi-v1_softfp.a(flc_reva.o)
                              C:/analog/cfs/1.0.0/SDK/MAX/Libraries/PeriphDrivers/bin/MAX78000/spi-v1_softfp/libPeriphDriver_spi-v1_softfp.a(flc_me17.o) (MXC_FLC_RevA_Busy)
C:/analog/cfs/1.0.0/SDK/MAX/Libraries/PeriphDrivers/bin/MAX78000/spi-v1_softfp/libPeriphDriver_spi-v1_softfp.a(gpio_ai85.o)
                              c:/MaximSDK/Examples/MAX78000/Flash-activity/build/main.o (MXC_GPIO_Config)
C:/analog/cfs/1.0.0/SDK/MAX/Libraries/PeriphDrivers/bin/MAX78000/spi-v1_softfp/libPeriphDriver_spi-v1_softfp.a(gpio_reva.o)
                              C:/analog/cfs/1.0.0/SDK/MAX/Libraries/PeriphDrivers/bin/MAX78000/spi-v1_softfp/libPeriphDriver_spi-v1_softfp.a(gpio_ai85.o) (MXC_GPIO_RevA_InGet)
C:/analog/cfs/1.0.0/SDK/MAX/Libraries/PeriphDrivers/bin/MAX78000/spi-v1_softfp/libPeriphDriver_spi-v1_softfp.a(i2c_me17.o)
                              c:/MaximSDK/Examples/MAX78000/Flash-activity/build/max20303.o (MXC_I2C_Init)
C:/analog/cfs/1.0.0/SDK/MAX/Libraries/PeriphDrivers/bin/MAX78000/spi-v1_softfp/libPeriphDriver_spi-v1_softfp.a(i2c_reva.o)
                              C:/analog/cfs/1.0.0/SDK/MAX/Libraries/PeriphDrivers/bin/MAX78000/spi-v1_softfp/libPeriphDriver_spi-v1_softfp.a(i2c_me17.o) (MXC_I2C_RevA_DMACallback)
C:/analog/cfs/1.0.0/SDK/MAX/Libraries/PeriphDrivers/bin/MAX78000/spi-v1_softfp/libPeriphDriver_spi-v1_softfp.a(icc_me17.o)
                              c:/MaximSDK/Examples/MAX78000/Flash-activity/build/system_max78000.o (MXC_ICC_Enable)
C:/analog/cfs/1.0.0/SDK/MAX/Libraries/PeriphDrivers/bin/MAX78000/spi-v1_softfp/libPeriphDriver_spi-v1_softfp.a(icc_reva.o)
                              C:/analog/cfs/1.0.0/SDK/MAX/Libraries/PeriphDrivers/bin/MAX78000/spi-v1_softfp/libPeriphDriver_spi-v1_softfp.a(icc_me17.o) (MXC_ICC_RevA_ID)
C:/analog/cfs/1.0.0/SDK/MAX/Libraries/PeriphDrivers/bin/MAX78000/spi-v1_softfp/libPeriphDriver_spi-v1_softfp.a(pt_ai85.o)
[...]
Memory Configuration

Name             Origin             Length             Attributes
ROM              0x00000000         0x00010000         xr
FLASH            0x10000000         0x00080000         xr
SRAM             0x20000000         0x00020000         xrw
*default*        0x00000000         0xffffffff

Linker script and memory map

LOAD c:/analog/cfs/1.0.0/tools/gcc/arm-none-eabi/bin/../lib/gcc/arm-none-eabi/12.3.1/thumb/v7e-m+fp/softfp/crti.o
LOAD c:/analog/cfs/1.0.0/tools/gcc/arm-none-eabi/bin/../lib/gcc/arm-none-eabi/12.3.1/thumb/v7e-m+fp/softfp/crtbegin.o
LOAD c:/analog/cfs/1.0.0/tools/gcc/arm-none-eabi/bin/../lib/gcc/arm-none-eabi/12.3.1/thumb/v7e-m+fp/softfp/crt0.o
LOAD c:/MaximSDK/Examples/MAX78000/Flash-activity/build/main.o
LOAD c:/MaximSDK/Examples/MAX78000/Flash-activity/build/board.o
LOAD c:/MaximSDK/Examples/MAX78000/Flash-activity/build/stdio.o
LOAD c:/MaximSDK/Examples/MAX78000/Flash-activity/build/led.o
LOAD c:/MaximSDK/Examples/MAX78000/Flash-activity/build/pb.o
LOAD c:/MaximSDK/Examples/MAX78000/Flash-activity/build/tft_ili9341.o
LOAD c:/MaximSDK/Examples/MAX78000/Flash-activity/build/camera.o
LOAD c:/MaximSDK/Examples/MAX78000/Flash-activity/build/ov7692.o
LOAD c:/MaximSDK/Examples/MAX78000/Flash-activity/build/sccb.o
LOAD c:/MaximSDK/Examples/MAX78000/Flash-activity/build/max20303.o
LOAD c:/MaximSDK/Examples/MAX78000/Flash-activity/build/max9867.o
LOAD c:/MaximSDK/Examples/MAX78000/Flash-activity/build/N01S830HA.o
LOAD c:/MaximSDK/Examples/MAX78000/Flash-activity/build/fastspi.o
LOAD c:/MaximSDK/Examples/MAX78000/Flash-activity/build/startup_max78000.o
LOAD c:/MaximSDK/Examples/MAX78000/Flash-activity/build/heap.o
LOAD c:/MaximSDK/Examples/MAX78000/Flash-activity/build/system_max78000.o
START GROUP
LOAD C:/analog/cfs/1.0.0/SDK/MAX/Libraries/PeriphDrivers/bin/MAX78000/spi-v1_softfp/libPeriphDriver_spi-v1_softfp.a
LOAD c:/analog/cfs/1.0.0/tools/gcc/arm-none-eabi/bin/../lib/gcc/arm-none-eabi/12.3.1/thumb/v7e-m+fp/softfp\libc.a
LOAD c:/analog/cfs/1.0.0/tools/gcc/arm-none-eabi/bin/../lib/gcc/arm-none-eabi/12.3.1/thumb/v7e-m+fp/softfp\libm.a
LOAD c:/analog/cfs/1.0.0/tools/gcc/arm-none-eabi/bin/../lib/gcc/arm-none-eabi/12.3.1/thumb/v7e-m+fp/softfp\libnosys.a
END GROUP
START GROUP
LOAD c:/analog/cfs/1.0.0/tools/gcc/arm-none-eabi/bin/../lib/gcc/arm-none-eabi/12.3.1/thumb/v7e-m+fp/softfp\libgcc.a
LOAD c:/analog/cfs/1.0.0/tools/gcc/arm-none-eabi/bin/../lib/gcc/arm-none-eabi/12.3.1/thumb/v7e-m+fp/softfp\libc.a
END GROUP
LOAD c:/analog/cfs/1.0.0/tools/gcc/arm-none-eabi/bin/../lib/gcc/arm-none-eabi/12.3.1/thumb/v7e-m+fp/softfp/crtend.o
LOAD c:/analog/cfs/1.0.0/tools/gcc/arm-none-eabi/bin/../lib/gcc/arm-none-eabi/12.3.1/thumb/v7e-m+fp/softfp/crtn.o

.rom
 *(.rom_vector)
 *(.rom_handlers*)

.text           0x10000000     0x90a0
                0x10000000                        _text = .
 *(.isr_vector)
 .isr_vector    0x10000000      0x1e0 c:/MaximSDK/Examples/MAX78000/Flash-activity/build/startup_max78000.o
                0x10000000                __isr_vector
 EXCLUDE_FILE(*riscv.o) *(.text*)
 .text.deregister_tm_clones
                0x100001e0       0x1c c:/analog/cfs/1.0.0/tools/gcc/arm-none-eabi/bin/../lib/gcc/arm-none-eabi/12.3.1/thumb/v7e-m+fp/softfp/crtbegin.o
 .text.register_tm_clones
                0x100001fc       0x24 c:/analog/cfs/1.0.0/tools/gcc/arm-none-eabi/bin/../lib/gcc/arm-none-eabi/12.3.1/thumb/v7e-m+fp/softfp/crtbegin.o
 .text.__do_global_dtors_aux
                0x10000220       0x28 c:/analog/cfs/1.0.0/tools/gcc/arm-none-eabi/bin/../lib/gcc/arm-none-eabi/12.3.1/thumb/v7e-m+fp/softfp/crtbegin.o
 .text.frame_dummy
                0x10000248       0x24 c:/analog/cfs/1.0.0/tools/gcc/arm-none-eabi/bin/../lib/gcc/arm-none-eabi/12.3.1/thumb/v7e-m+fp/softfp/crtbegin.o
 .text.init_button
                0x1000026c       0x28 c:/MaximSDK/Examples/MAX78000/Flash-activity/build/main.o
                0x1000026c                init_button
 .text.delay_with_button_check
                0x10000294       0xbc c:/MaximSDK/Examples/MAX78000/Flash-activity/build/main.o
                0x10000294                delay_with_button_check
 .text.pattern_odd_even
                0x10000350       0xcc c:/MaximSDK/Examples/MAX78000/Flash-activity/build/main.o
                0x10000350                pattern_odd_even
 .text.pattern_larson
                0x1000041c       0xd4 c:/MaximSDK/Examples/MAX78000/Flash-activity/build/main.o
                0x1000041c                pattern_larson
 .text.setup_leds
                0x100004f0       0x24 c:/MaximSDK/Examples/MAX78000/Flash-activity/build/main.o
                0x100004f0                setup_leds
 .text.startup.main
                0x10000514       0x24 c:/MaximSDK/Examples/MAX78000/Flash-activity/build/main.o
                0x10000514                main
 .text.mxc_assert
                0x10000538       0x10 c:/MaximSDK/Examples/MAX78000/Flash-activity/build/board.o
                0x10000538                mxc_assert
 .text.GPIO0_IRQHandler
                0x10000548        0x8 c:/MaximSDK/Examples/MAX78000/Flash-activity/build/board.o
                0x10000548                GPIO0_IRQHandler
 .text.GPIO1_IRQHandler
                0x10000550        0x8 c:/MaximSDK/Examples/MAX78000/Flash-activity/build/board.o
                0x10000550                GPIO1_IRQHandler
 .text.Board_Init
                0x10000558       0x6c c:/MaximSDK/Examples/MAX78000/Flash-activity/build/board.o
                0x10000558                Board_Init
 .text.NMI_Handler
                0x100005c4        0x4 c:/MaximSDK/Examples/MAX78000/Flash-activity/build/board.o
                0x100005c4                NMI_Handler
 .text._close   0x100005c8        0x8 c:/MaximSDK/Examples/MAX78000/Flash-activity/build/stdio.o
                0x100005c8                _close
 .text._isatty  0x100005d0        0x8 c:/MaximSDK/Examples/MAX78000/Flash-activity/build/stdio.o
                0x100005d0                _isatty
 .text._lseek   0x100005d8        0x8 c:/MaximSDK/Examples/MAX78000/Flash-activity/build/stdio.o
                0x100005d8                _lseek
 .text._fstat   0x100005e0        0x8 c:/MaximSDK/Examples/MAX78000/Flash-activity/build/stdio.o
                0x100005e0                _fstat
 .text._read    0x100005e8       0x50 c:/MaximSDK/Examples/MAX78000/Flash-activity/build/stdio.o
                0x100005e8                _read
 .text._write   0x10000638       0x54 c:/MaximSDK/Examples/MAX78000/Flash-activity/build/stdio.o
                0x10000638                _write
 .text.LED_Init
                0x1000068c       0x40 c:/MaximSDK/Examples/MAX78000/Flash-activity/build/led.o
                0x1000068c                LED_Init
 .text.PB_Init  0x100006cc       0x38 c:/MaximSDK/Examples/MAX78000/Flash-activity/build/pb.o
                0x100006cc                PB_Init
 .text          0x10000704      0x148 c:/MaximSDK/Examples/MAX78000/Flash-activity/build/startup_max78000.o
                0x10000704                Reset_Handler
                0x10000742                HardFault_Handler
                0x10000744                MemManage_Handler
                0x10000746                BusFault_Handler
                0x10000748                UsageFault_Handler
                0x1000074a                SVC_Handler
                0x1000074c                DebugMon_Handler
                0x1000074e                PendSV_Handler
                0x10000750                SysTick_Handler
                0x10000752                Default_Handler
                0x10000754                PF_IRQHandler
                0x10000756                WDT0_IRQHandler
                0x10000758                RSV02_IRQHandler
                0x1000075a                RTC_IRQHandler
                0x1000075c                TRNG_IRQHandler
                0x1000075e                TMR0_IRQHandler
                0x10000760                TMR1_IRQHandler
                0x10000762                TMR2_IRQHandler
                0x10000764                TMR3_IRQHandler
                0x10000766                TMR4_IRQHandler
                0x10000768                TMR5_IRQHandler
                0x1000076a                RSV11_IRQHandler
                0x1000076c                RSV12_IRQHandler
                0x1000076e                I2C0_IRQHandler
                0x10000770                UART0_IRQHandler
                0x10000772                UART1_IRQHandler
                0x10000774                SPI1_IRQHandler
                0x10000776                RSV17_IRQHandler
                0x10000778                RSV18_IRQHandler
                0x1000077a                RSV19_IRQHandler
                0x1000077c                ADC_IRQHandler
                0x1000077e                RSV21_IRQHandler
                0x10000780                RSV22_IRQHandler
                0x10000782                FLC0_IRQHandler
                0x10000788                GPIO2_IRQHandler
                0x1000078a                RSV27_IRQHandler
                0x1000078c                DMA0_IRQHandler
                0x1000078e                DMA1_IRQHandler
                0x10000790                DMA2_IRQHandler
                0x10000792                DMA3_IRQHandler
                0x10000794                RSV32_IRQHandler
                0x10000796                RSV33_IRQHandler
                0x10000798                UART2_IRQHandler
                0x1000079a                RSV35_IRQHandler
                0x1000079c                I2C1_IRQHandler
                0x1000079e                RSV37_IRQHandler
                0x100007a0                RSV38_IRQHandler
                0x100007a2                RSV39_IRQHandler
                0x100007a4                RSV40_IRQHandler
                0x100007a6                RSV41_IRQHandler
                0x100007a8                RSV42_IRQHandler
                0x100007aa                RSV43_IRQHandler
                0x100007ac                RSV44_IRQHandler
                0x100007ae                RSV45_IRQHandler
                0x100007b0                RSV46_IRQHandler
                0x100007b2                RSV47_IRQHandler
                0x100007b4                RSV48_IRQHandler
                0x100007b6                RSV49_IRQHandler
                0x100007b8                RSV50_IRQHandler
                0x100007ba                RSV51_IRQHandler
                0x100007bc                RSV52_IRQHandler
                0x100007be                WUT_IRQHandler
                0x100007c0                GPIOWAKE_IRQHandler
                0x100007c2                RSV55_IRQHandler
                0x100007c4                SPI0_IRQHandler
                0x100007c6                WDT1_IRQHandler
                0x100007c8                RSV58_IRQHandler
                0x100007ca                PT_IRQHandler
                0x100007cc                RSV60_IRQHandler
                0x100007ce                RSV61_IRQHandler
                0x100007d0                I2C2_IRQHandler
                0x100007d2                RISCV_IRQHandler
                0x100007d4                RSV64_IRQHandler
                0x100007d6                RSV65_IRQHandler
                0x100007d8                RSV66_IRQHandler
                0x100007da                OWM_IRQHandler
                0x100007dc                RSV68_IRQHandler
                0x100007de                RSV69_IRQHandler
                0x100007e0                RSV70_IRQHandler
                0x100007e2                RSV71_IRQHandler
                0x100007e4                RSV72_IRQHandler
                0x100007e6                RSV73_IRQHandler
                0x100007e8                RSV74_IRQHandler
                0x100007ea                RSV75_IRQHandler
                0x100007ec                RSV76_IRQHandler
                0x100007ee                RSV77_IRQHandler
                0x100007f0                RSV78_IRQHandler
                0x100007f2                RSV79_IRQHandler
                0x100007f4                RSV80_IRQHandler
                0x100007f6                RSV81_IRQHandler
                0x100007f8                ECC_IRQHandler
                0x100007fa                DVS_IRQHandler
                0x100007fc                SIMO_IRQHandler
                0x100007fe                RSV85_IRQHandler
                0x10000800                RSV86_IRQHandler
                0x10000802                RSV87_IRQHandler
                0x10000804                UART3_IRQHandler
                0x10000806                RSV89_IRQHandler
                0x10000808                RSV90_IRQHandler
                0x1000080a                PCIF_IRQHandler
                0x1000080c                RSV92_IRQHandler
                0x1000080e                RSV93_IRQHandler
                0x10000810                RSV94_IRQHandler
                0x10000812                RSV95_IRQHandler
                0x10000814                RSV96_IRQHandler
                0x10000816                AES_IRQHandler
                0x10000818                RSV98_IRQHandler
                0x1000081a                I2S_IRQHandler
                0x1000081c                CNN_FIFO_IRQHandler
                0x1000081e                CNN_IRQHandler
                0x10000820                RSV102_IRQHandler
                0x10000822                LPCMP_IRQHandler
 .text._sbrk    0x1000084c       0x3c c:/MaximSDK/Examples/MAX78000/Flash-activity/build/heap.o
                0x1000084c                _sbrk
 .text._getpid  0x10000888        0x8 c:/MaximSDK/Examples/MAX78000/Flash-activity/build/system_max78000.o
                0x10000888                _getpid
 .text._kill    0x10000890        0x8 c:/MaximSDK/Examples/MAX78000/Flash-activity/build/system_max78000.o
                0x10000890                _kill
 .text.SystemCoreClockUpdate
                0x10000898       0x68 c:/MaximSDK/Examples/MAX78000/Flash-activity/build/system_max78000.o
                0x10000898                SystemCoreClockUpdate
 .text.PreInit  0x10000900        0x4 c:/MaximSDK/Examples/MAX78000/Flash-activity/build/system_max78000.o
                0x10000900                PreInit
 .text.PinInit  0x10000904        0x4 c:/MaximSDK/Examples/MAX78000/Flash-activity/build/system_max78000.o
                0x10000904                PinInit
 .text.SystemInit
                0x10000908       0x3c c:/MaximSDK/Examples/MAX78000/Flash-activity/build/system_max78000.o
                0x10000908                SystemInit
 .text.MXC_DelayInit
                0x10000944       0x7c C:/analog/cfs/1.0.0/SDK/MAX/Libraries/PeriphDrivers/bin/MAX78000/spi-v1_softfp/libPeriphDriver_spi-v1_softfp.a(mxc_delay.o)
 .text.MXC_DelayAsync
                0x100009c0       0x3c C:/analog/cfs/1.0.0/SDK/MAX/Libraries/PeriphDrivers/bin/MAX78000/spi-v1_softfp/libPeriphDriver_spi-v1_softfp.a(mxc_delay.o)
                0x100009c0                MXC_DelayAsync
 .text.MXC_DelayCheck
                0x100009fc       0x70 C:/analog/cfs/1.0.0/SDK/MAX/Libraries/PeriphDrivers/bin/MAX78000/spi-v1_softfp/libPeriphDriver_spi-v1_softfp.a(mxc_delay.o)
                0x100009fc                MXC_DelayCheck
 .text.MXC_DelayAbort
                0x10000a6c       0x34 C:/analog/cfs/1.0.0/SDK/MAX/Libraries/PeriphDrivers/bin/MAX78000/spi-v1_softfp/libPeriphDriver_spi-v1_softfp.a(mxc_delay.o)
                0x10000a6c                MXC_DelayAbort
 .text.MXC_Delay
                0x10000aa0       0x74 C:/analog/cfs/1.0.0/SDK/MAX/Libraries/PeriphDrivers/bin/MAX78000/spi-v1_softfp/libPeriphDriver_spi-v1_softfp.a(mxc_delay.o)
                0x10000aa0                MXC_Delay
 .text.MXC_SYS_ClockDisable
                0x10000b14       0x40 C:/analog/cfs/1.0.0/SDK/MAX/Libraries/PeriphDrivers/bin/MAX78000/spi-v1_softfp/libPeriphDriver_spi-v1_softfp.a(sys_ai85.o)
                0x10000b14                MXC_SYS_ClockDisable
 .text.MXC_SYS_ClockEnable
                0x10000b54       0x44 C:/analog/cfs/1.0.0/SDK/MAX/Libraries/PeriphDrivers/bin/MAX78000/spi-v1_softfp/libPeriphDriver_spi-v1_softfp.a(sys_ai85.o)
                0x10000b54                MXC_SYS_ClockEnable
 .text.MXC_SYS_ClockSourceEnable
                0x10000b98       0xf4 C:/analog/cfs/1.0.0/SDK/MAX/Libraries/PeriphDrivers/bin/MAX78000/spi-v1_softfp/libPeriphDriver_spi-v1_softfp.a(sys_ai85.o)
                0x10000b98                MXC_SYS_ClockSourceEnable
 .text.MXC_SYS_Reset_Periph
                0x10000c8c       0x48 C:/analog/cfs/1.0.0/SDK/MAX/Libraries/PeriphDrivers/bin/MAX78000/spi-v1_softfp/libPeriphDriver_spi-v1_softfp.a(sys_ai85.o)
                0x10000c8c                MXC_SYS_Reset_Periph
 .text.MXC_GPIO_Init
                0x10000cd4       0x40 C:/analog/cfs/1.0.0/SDK/MAX/Libraries/PeriphDrivers/bin/MAX78000/spi-v1_softfp/libPeriphDriver_spi-v1_softfp.a(gpio_ai85.o)
                0x10000cd4                MXC_GPIO_Init
 .text.MXC_GPIO_Config
                0x10000d14      0x230 C:/analog/cfs/1.0.0/SDK/MAX/Libraries/PeriphDrivers/bin/MAX78000/spi-v1_softfp/libPeriphDriver_spi-v1_softfp.a(gpio_ai85.o)
                0x10000d14                MXC_GPIO_Config
 .text.MXC_GPIO_OutSet
                0x10000f44       0x30 C:/analog/cfs/1.0.0/SDK/MAX/Libraries/PeriphDrivers/bin/MAX78000/spi-v1_softfp/libPeriphDriver_spi-v1_softfp.a(gpio_ai85.o)
                0x10000f44                MXC_GPIO_OutSet
 .text.MXC_GPIO_OutClr
                0x10000f74       0x34 C:/analog/cfs/1.0.0/SDK/MAX/Libraries/PeriphDrivers/bin/MAX78000/spi-v1_softfp/libPeriphDriver_spi-v1_softfp.a(gpio_ai85.o)
                0x10000f74                MXC_GPIO_OutClr
 .text.MXC_GPIO_Handler
                0x10000fa8        0x4 C:/analog/cfs/1.0.0/SDK/MAX/Libraries/PeriphDrivers/bin/MAX78000/spi-v1_softfp/libPeriphDriver_spi-v1_softfp.a(gpio_ai85.o)
                0x10000fa8                MXC_GPIO_Handler
 .text.MXC_GPIO_ClearFlags
                0x10000fac       0x18 C:/analog/cfs/1.0.0/SDK/MAX/Libraries/PeriphDrivers/bin/MAX78000/spi-v1_softfp/libPeriphDriver_spi-v1_softfp.a(gpio_ai85.o)
                0x10000fac                MXC_GPIO_ClearFlags
 .text.MXC_GPIO_GetFlags
                0x10000fc4       0x18 C:/analog/cfs/1.0.0/SDK/MAX/Libraries/PeriphDrivers/bin/MAX78000/spi-v1_softfp/libPeriphDriver_spi-v1_softfp.a(gpio_ai85.o)
                0x10000fc4                MXC_GPIO_GetFlags
 .text.MXC_GPIO_GetConfigLock
                0x10000fdc        0x4 C:/analog/cfs/1.0.0/SDK/MAX/Libraries/PeriphDrivers/bin/MAX78000/spi-v1_softfp/libPeriphDriver_spi-v1_softfp.a(gpio_ai85.o)
                0x10000fdc                MXC_GPIO_GetConfigLock
 .text.MXC_GPIO_RevA_OutSet
                0x10000fe0        0x4 C:/analog/cfs/1.0.0/SDK/MAX/Libraries/PeriphDrivers/bin/MAX78000/spi-v1_softfp/libPeriphDriver_spi-v1_softfp.a(gpio_reva.o)
                0x10000fe0                MXC_GPIO_RevA_OutSet
 .text.MXC_GPIO_RevA_OutClr
                0x10000fe4        0x4 C:/analog/cfs/1.0.0/SDK/MAX/Libraries/PeriphDrivers/bin/MAX78000/spi-v1_softfp/libPeriphDriver_spi-v1_softfp.a(gpio_reva.o)
                0x10000fe4                MXC_GPIO_RevA_OutClr
 .text.MXC_GPIO_RevA_ClearFlags
                0x10000fe8        0x4 C:/analog/cfs/1.0.0/SDK/MAX/Libraries/PeriphDrivers/bin/MAX78000/spi-v1_softfp/libPeriphDriver_spi-v1_softfp.a(gpio_reva.o)
                0x10000fe8                MXC_GPIO_RevA_ClearFlags
 .text.MXC_GPIO_RevA_GetFlags
                0x10000fec        0x4 C:/analog/cfs/1.0.0/SDK/MAX/Libraries/PeriphDrivers/bin/MAX78000/spi-v1_softfp/libPeriphDriver_spi-v1_softfp.a(gpio_reva.o)
                0x10000fec                MXC_GPIO_RevA_GetFlags
 .text.MXC_GPIO_RevA_SetVSSEL
                0x10000ff0       0x38 C:/analog/cfs/1.0.0/SDK/MAX/Libraries/PeriphDrivers/bin/MAX78000/spi-v1_softfp/libPeriphDriver_spi-v1_softfp.a(gpio_reva.o)
                0x10000ff0                MXC_GPIO_RevA_SetVSSEL
 .text.MXC_GPIO_RevA_SetAF
                0x10001028       0x7c C:/analog/cfs/1.0.0/SDK/MAX/Libraries/PeriphDrivers/bin/MAX78000/spi-v1_softfp/libPeriphDriver_spi-v1_softfp.a(gpio_reva.o)
                0x10001028                MXC_GPIO_RevA_SetAF
 .text.MXC_GPIO_RevA_SetDriveStrength
                0x100010a4       0x84 C:/analog/cfs/1.0.0/SDK/MAX/Libraries/PeriphDrivers/bin/MAX78000/spi-v1_softfp/libPeriphDriver_spi-v1_softfp.a(gpio_reva.o)
                0x100010a4                MXC_GPIO_RevA_SetDriveStrength
 .text.MXC_ICC_Enable
                0x10001128        0x4 C:/analog/cfs/1.0.0/SDK/MAX/Libraries/PeriphDrivers/bin/MAX78000/spi-v1_softfp/libPeriphDriver_spi-v1_softfp.a(icc_me17.o)
                0x10001128                MXC_ICC_Enable
 .text.MXC_ICC_RevA_Enable
                0x1000112c       0x30 C:/analog/cfs/1.0.0/SDK/MAX/Libraries/PeriphDrivers/bin/MAX78000/spi-v1_softfp/libPeriphDriver_spi-v1_softfp.a(icc_reva.o)
                0x1000112c                MXC_ICC_RevA_Enable
 .text.MXC_UART_Shutdown
                0x1000115c       0x6c C:/analog/cfs/1.0.0/SDK/MAX/Libraries/PeriphDrivers/bin/MAX78000/spi-v1_softfp/libPeriphDriver_spi-v1_softfp.a(uart_ai85.o)
                0x1000115c                MXC_UART_Shutdown
 .text.MXC_UART_SetFrequency
                0x100011c8       0xa0 C:/analog/cfs/1.0.0/SDK/MAX/Libraries/PeriphDrivers/bin/MAX78000/spi-v1_softfp/libPeriphDriver_spi-v1_softfp.a(uart_ai85.o)
                0x100011c8                MXC_UART_SetFrequency
 .text.MXC_UART_SetDataSize
                0x10001268        0x4 C:/analog/cfs/1.0.0/SDK/MAX/Libraries/PeriphDrivers/bin/MAX78000/spi-v1_softfp/libPeriphDriver_spi-v1_softfp.a(uart_ai85.o)
                0x10001268                MXC_UART_SetDataSize
 .text.MXC_UART_SetStopBits
                0x1000126c        0x4 C:/analog/cfs/1.0.0/SDK/MAX/Libraries/PeriphDrivers/bin/MAX78000/spi-v1_softfp/libPeriphDriver_spi-v1_softfp.a(uart_ai85.o)
                0x1000126c                MXC_UART_SetStopBits
 .text.MXC_UART_SetParity
                0x10001270        0x4 C:/analog/cfs/1.0.0/SDK/MAX/Libraries/PeriphDrivers/bin/MAX78000/spi-v1_softfp/libPeriphDriver_spi-v1_softfp.a(uart_ai85.o)
                0x10001270                MXC_UART_SetParity
 .text.MXC_UART_SetClockSource
                0x10001274       0x7c C:/analog/cfs/1.0.0/SDK/MAX/Libraries/PeriphDrivers/bin/MAX78000/spi-v1_softfp/libPeriphDriver_spi-v1_softfp.a(uart_ai85.o)
                0x10001274                MXC_UART_SetClockSource
 .text.MXC_UART_Init
                0x100012f0       0x9c C:/analog/cfs/1.0.0/SDK/MAX/Libraries/PeriphDrivers/bin/MAX78000/spi-v1_softfp/libPeriphDriver_spi-v1_softfp.a(uart_ai85.o)
                0x100012f0                MXC_UART_Init
 .text.MXC_UART_ReadCharacterRaw
                0x1000138c        0x4 C:/analog/cfs/1.0.0/SDK/MAX/Libraries/PeriphDrivers/bin/MAX78000/spi-v1_softfp/libPeriphDriver_spi-v1_softfp.a(uart_ai85.o)
                0x1000138c                MXC_UART_ReadCharacterRaw
 .text.MXC_UART_WriteCharacterRaw
                0x10001390        0x4 C:/analog/cfs/1.0.0/SDK/MAX/Libraries/PeriphDrivers/bin/MAX78000/spi-v1_softfp/libPeriphDriver_spi-v1_softfp.a(uart_ai85.o)
                0x10001390                MXC_UART_WriteCharacterRaw
 .text.MXC_UART_ReadCharacter
                0x10001394        0x4 C:/analog/cfs/1.0.0/SDK/MAX/Libraries/PeriphDrivers/bin/MAX78000/spi-v1_softfp/libPeriphDriver_spi-v1_softfp.a(uart_ai85.o)
                0x10001394                MXC_UART_ReadCharacter
 .text.MXC_UART_WriteCharacter
                0x10001398        0x4 C:/analog/cfs/1.0.0/SDK/MAX/Libraries/PeriphDrivers/bin/MAX78000/spi-v1_softfp/libPeriphDriver_spi-v1_softfp.a(uart_ai85.o)
                0x10001398                MXC_UART_WriteCharacter
 .text.MXC_UART_GetRXFIFOAvailable
                0x1000139c        0x4 C:/analog/cfs/1.0.0/SDK/MAX/Libraries/PeriphDrivers/bin/MAX78000/spi-v1_softfp/libPeriphDriver_spi-v1_softfp.a(uart_ai85.o)
                0x1000139c                MXC_UART_GetRXFIFOAvailable
 .text.MXC_UART_GetTXFIFOAvailable
                0x100013a0        0x4 C:/analog/cfs/1.0.0/SDK/MAX/Libraries/PeriphDrivers/bin/MAX78000/spi-v1_softfp/libPeriphDriver_spi-v1_softfp.a(uart_ai85.o)
                0x100013a0                MXC_UART_GetTXFIFOAvailable
 .text.MXC_UART_SetRXThreshold
                0x100013a4        0x4 C:/analog/cfs/1.0.0/SDK/MAX/Libraries/PeriphDrivers/bin/MAX78000/spi-v1_softfp/libPeriphDriver_spi-v1_softfp.a(uart_ai85.o)
                0x100013a4                MXC_UART_SetRXThreshold
 .text.MXC_UART_Common_ReadCharacter
                0x100013a8       0x18 C:/analog/cfs/1.0.0/SDK/MAX/Libraries/PeriphDrivers/bin/MAX78000/spi-v1_softfp/libPeriphDriver_spi-v1_softfp.a(uart_common.o)
                0x100013a8                MXC_UART_Common_ReadCharacter
 .text.MXC_UART_Common_WriteCharacter
                0x100013c0       0x1c C:/analog/cfs/1.0.0/SDK/MAX/Libraries/PeriphDrivers/bin/MAX78000/spi-v1_softfp/libPeriphDriver_spi-v1_softfp.a(uart_common.o)
                0x100013c0                MXC_UART_Common_WriteCharacter
 .text.MXC_UART_RevB_Init
                0x100013dc       0xe4 C:/analog/cfs/1.0.0/SDK/MAX/Libraries/PeriphDrivers/bin/MAX78000/spi-v1_softfp/libPeriphDriver_spi-v1_softfp.a(uart_revb.o)
                0x100013dc                MXC_UART_RevB_Init
 .text.MXC_UART_RevB_SetFrequency
                0x100014c0       0x1c C:/analog/cfs/1.0.0/SDK/MAX/Libraries/PeriphDrivers/bin/MAX78000/spi-v1_softfp/libPeriphDriver_spi-v1_softfp.a(uart_revb.o)
                0x100014c0                MXC_UART_RevB_SetFrequency
 .text.MXC_UART_RevB_SetDataSize
                0x100014dc       0x20 C:/analog/cfs/1.0.0/SDK/MAX/Libraries/PeriphDrivers/bin/MAX78000/spi-v1_softfp/libPeriphDriver_spi-v1_softfp.a(uart_revb.o)
                0x100014dc                MXC_UART_RevB_SetDataSize
 .text.MXC_UART_RevB_SetStopBits
                0x100014fc       0x24 C:/analog/cfs/1.0.0/SDK/MAX/Libraries/PeriphDrivers/bin/MAX78000/spi-v1_softfp/libPeriphDriver_spi-v1_softfp.a(uart_revb.o)
                0x100014fc                MXC_UART_RevB_SetStopBits
 .text.MXC_UART_RevB_SetParity
                0x10001520       0x8c C:/analog/cfs/1.0.0/SDK/MAX/Libraries/PeriphDrivers/bin/MAX78000/spi-v1_softfp/libPeriphDriver_spi-v1_softfp.a(uart_revb.o)
                0x10001520                MXC_UART_RevB_SetParity
 .text.MXC_UART_RevB_SetClockSource
                0x100015ac       0xa0 C:/analog/cfs/1.0.0/SDK/MAX/Libraries/PeriphDrivers/bin/MAX78000/spi-v1_softfp/libPeriphDriver_spi-v1_softfp.a(uart_revb.o)
                0x100015ac                MXC_UART_RevB_SetClockSource
 .text.MXC_UART_RevB_ReadCharacterRaw
                0x1000164c       0x10 C:/analog/cfs/1.0.0/SDK/MAX/Libraries/PeriphDrivers/bin/MAX78000/spi-v1_softfp/libPeriphDriver_spi-v1_softfp.a(uart_revb.o)
                0x1000164c                MXC_UART_RevB_ReadCharacterRaw
 .text.MXC_UART_RevB_WriteCharacterRaw
                0x1000165c       0x14 C:/analog/cfs/1.0.0/SDK/MAX/Libraries/PeriphDrivers/bin/MAX78000/spi-v1_softfp/libPeriphDriver_spi-v1_softfp.a(uart_revb.o)
                0x1000165c                MXC_UART_RevB_WriteCharacterRaw
 .text.MXC_UART_RevB_GetRXFIFOAvailable
                0x10001670        0x8 C:/analog/cfs/1.0.0/SDK/MAX/Libraries/PeriphDrivers/bin/MAX78000/spi-v1_softfp/libPeriphDriver_spi-v1_softfp.a(uart_revb.o)
                0x10001670                MXC_UART_RevB_GetRXFIFOAvailable
 .text.MXC_UART_RevB_GetTXFIFOAvailable
                0x10001678        0xc C:/analog/cfs/1.0.0/SDK/MAX/Libraries/PeriphDrivers/bin/MAX78000/spi-v1_softfp/libPeriphDriver_spi-v1_softfp.a(uart_revb.o)
                0x10001678                MXC_UART_RevB_GetTXFIFOAvailable
 .text.MXC_UART_RevB_SetRXThreshold
                0x10001684       0x1c C:/analog/cfs/1.0.0/SDK/MAX/Libraries/PeriphDrivers/bin/MAX78000/spi-v1_softfp/libPeriphDriver_spi-v1_softfp.a(uart_revb.o)
                0x10001684                MXC_UART_RevB_SetRXThreshold
 .text.MXC_GPIO_Common_Init
                0x100016a0       0x24 C:/analog/cfs/1.0.0/SDK/MAX/Libraries/PeriphDrivers/bin/MAX78000/spi-v1_softfp/libPeriphDriver_spi-v1_softfp.a(gpio_common.o)
                0x100016a0                MXC_GPIO_Common_Init
 .text.MXC_GPIO_Common_Handler
                0x100016c4       0x74 C:/analog/cfs/1.0.0/SDK/MAX/Libraries/PeriphDrivers/bin/MAX78000/spi-v1_softfp/libPeriphDriver_spi-v1_softfp.a(gpio_common.o)
                0x100016c4                MXC_GPIO_Common_Handler
 .text.MXC_GPIO_Common_GetConfigLock
                0x10001738        0xc C:/analog/cfs/1.0.0/SDK/MAX/Libraries/PeriphDrivers/bin/MAX78000/spi-v1_softfp/libPeriphDriver_spi-v1_softfp.a(gpio_common.o)
                0x10001738                MXC_GPIO_Common_GetConfigLock
 .text._malloc_r
                0x10001744      0x574 c:/analog/cfs/1.0.0/tools/gcc/arm-none-eabi/bin/../lib/gcc/arm-none-eabi/12.3.1/thumb/v7e-m+fp/softfp\libc.a(libc_a-mallocr.o)
                0x10001744                _malloc_r
 .text.__malloc_lock
                0x10001cb8        0xc c:/analog/cfs/1.0.0/tools/gcc/arm-none-eabi/bin/../lib/gcc/arm-none-eabi/12.3.1/thumb/v7e-m+fp/softfp\libc.a(libc_a-mlock.o)
                0x10001cb8                __malloc_lock
 .text.__malloc_unlock
                0x10001cc4        0xc c:/analog/cfs/1.0.0/tools/gcc/arm-none-eabi/bin/../lib/gcc/arm-none-eabi/12.3.1/thumb/v7e-m+fp/softfp\libc.a(libc_a-mlock.o)
                0x10001cc4                __malloc_unlock
 .text.stdio_exit_handler
                0x10001cd0       0x18 c:/analog/cfs/1.0.0/tools/gcc/arm-none-eabi/bin/../lib/gcc/arm-none-eabi/12.3.1/thumb/v7e-m+fp/softfp\libc.a(libc_a-findfp.o)
 .text.cleanup_stdio
                0x10001ce8       0x40 c:/analog/cfs/1.0.0/tools/gcc/arm-none-eabi/bin/../lib/gcc/arm-none-eabi/12.3.1/thumb/v7e-m+fp/softfp\libc.a(libc_a-findfp.o)
 .text.global_stdio_init.part.0
                0x10001d28       0xf0 c:/analog/cfs/1.0.0/tools/gcc/arm-none-eabi/bin/../lib/gcc/arm-none-eabi/12.3.1/thumb/v7e-m+fp/softfp\libc.a(libc_a-findfp.o)
 .text.__sinit  0x10001e18       0x3c c:/analog/cfs/1.0.0/tools/gcc/arm-none-eabi/bin/../lib/gcc/arm-none-eabi/12.3.1/thumb/v7e-m+fp/softfp\libc.a(libc_a-findfp.o)
                0x10001e18                __sinit
 .text.__sfp_lock_acquire
                0x10001e54        0xc c:/analog/cfs/1.0.0/tools/gcc/arm-none-eabi/bin/../lib/gcc/arm-none-eabi/12.3.1/thumb/v7e-m+fp/softfp\libc.a(libc_a-findfp.o)
                0x10001e54                __sfp_lock_acquire
 .text.__sfp_lock_release
                0x10001e60        0xc c:/analog/cfs/1.0.0/tools/gcc/arm-none-eabi/bin/../lib/gcc/arm-none-eabi/12.3.1/thumb/v7e-m+fp/softfp\libc.a(libc_a-findfp.o)
                0x10001e60                __sfp_lock_release
 .text._fwalk_sglue
                0x10001e6c       0x48 c:/analog/cfs/1.0.0/tools/gcc/arm-none-eabi/bin/../lib/gcc/arm-none-eabi/12.3.1/thumb/v7e-m+fp/softfp\libc.a(libc_a-fwalk.o)
                0x10001e6c                _fwalk_sglue
 .text.printf   0x10001eb4       0x28 c:/analog/cfs/1.0.0/tools/gcc/arm-none-eabi/bin/../lib/gcc/arm-none-eabi/12.3.1/thumb/v7e-m+fp/softfp\libc.a(libc_a-printf.o)
                0x10001eb4                printf
 .text.__sread  0x10001edc       0x24 c:/analog/cfs/1.0.0/tools/gcc/arm-none-eabi/bin/../lib/gcc/arm-none-eabi/12.3.1/thumb/v7e-m+fp/softfp\libc.a(libc_a-stdio.o)
                0x10001edc                __sread
 .text.__swrite
                0x10001f00       0x40 c:/analog/cfs/1.0.0/tools/gcc/arm-none-eabi/bin/../lib/gcc/arm-none-eabi/12.3.1/thumb/v7e-m+fp/softfp\libc.a(libc_a-stdio.o)
                0x10001f00                __swrite
 .text.__sseek  0x10001f40       0x24 c:/analog/cfs/1.0.0/tools/gcc/arm-none-eabi/bin/../lib/gcc/arm-none-eabi/12.3.1/thumb/v7e-m+fp/softfp\libc.a(libc_a-stdio.o)
                0x10001f40                __sseek
 .text.__sclose
                0x10001f64        0x8 c:/analog/cfs/1.0.0/tools/gcc/arm-none-eabi/bin/../lib/gcc/arm-none-eabi/12.3.1/thumb/v7e-m+fp/softfp\libc.a(libc_a-stdio.o)
                0x10001f64                __sclose
 .text.memset   0x10001f6c       0xa4 c:/analog/cfs/1.0.0/tools/gcc/arm-none-eabi/bin/../lib/gcc/arm-none-eabi/12.3.1/thumb/v7e-m+fp/softfp\libc.a(libc_a-memset.o)
                0x10001f6c                memset
 .text._close_r
                0x10002010       0x24 c:/analog/cfs/1.0.0/tools/gcc/arm-none-eabi/bin/../lib/gcc/arm-none-eabi/12.3.1/thumb/v7e-m+fp/softfp\libc.a(libc_a-closer.o)
                0x10002010                _close_r
 .text._lseek_r
                0x10002034       0x2c c:/analog/cfs/1.0.0/tools/gcc/arm-none-eabi/bin/../lib/gcc/arm-none-eabi/12.3.1/thumb/v7e-m+fp/softfp\libc.a(libc_a-lseekr.o)
                0x10002034                _lseek_r
 .text._read_r  0x10002060       0x2c c:/analog/cfs/1.0.0/tools/gcc/arm-none-eabi/bin/../lib/gcc/arm-none-eabi/12.3.1/thumb/v7e-m+fp/softfp\libc.a(libc_a-readr.o)
                0x10002060                _read_r
 .text._sbrk_r  0x1000208c       0x24 c:/analog/cfs/1.0.0/tools/gcc/arm-none-eabi/bin/../lib/gcc/arm-none-eabi/12.3.1/thumb/v7e-m+fp/softfp\libc.a(libc_a-sbrkr.o)
                0x1000208c                _sbrk_r
 .text._write_r
                0x100020b0       0x2c c:/analog/cfs/1.0.0/tools/gcc/arm-none-eabi/bin/../lib/gcc/arm-none-eabi/12.3.1/thumb/v7e-m+fp/softfp\libc.a(libc_a-writer.o)
                0x100020b0                _write_r
 .text.__errno  0x100020dc        0xc c:/analog/cfs/1.0.0/tools/gcc/arm-none-eabi/bin/../lib/gcc/arm-none-eabi/12.3.1/thumb/v7e-m+fp/softfp\libc.a(libc_a-errno.o)
                0x100020dc                __errno
 .text.__libc_init_array
                0x100020e8       0x50 c:/analog/cfs/1.0.0/tools/gcc/arm-none-eabi/bin/../lib/gcc/arm-none-eabi/12.3.1/thumb/v7e-m+fp/softfp\libc.a(libc_a-init.o)
                0x100020e8                __libc_init_array
 .text.__retarget_lock_init_recursive
                0x10002138        0x4 c:/analog/cfs/1.0.0/tools/gcc/arm-none-eabi/bin/../lib/gcc/arm-none-eabi/12.3.1/thumb/v7e-m+fp/softfp\libc.a(libc_a-lock.o)
                0x10002138                __retarget_lock_init_recursive
 .text.__retarget_lock_close_recursive
                0x1000213c        0x4 c:/analog/cfs/1.0.0/tools/gcc/arm-none-eabi/bin/../lib/gcc/arm-none-eabi/12.3.1/thumb/v7e-m+fp/softfp\libc.a(libc_a-lock.o)
                0x1000213c                __retarget_lock_close_recursive
 .text.__retarget_lock_acquire_recursive
                0x10002140        0x4 c:/analog/cfs/1.0.0/tools/gcc/arm-none-eabi/bin/../lib/gcc/arm-none-eabi/12.3.1/thumb/v7e-m+fp/softfp\libc.a(libc_a-lock.o)
                0x10002140                __retarget_lock_acquire_recursive
 .text.__retarget_lock_release_recursive
                0x10002144        0x4 c:/analog/cfs/1.0.0/tools/gcc/arm-none-eabi/bin/../lib/gcc/arm-none-eabi/12.3.1/thumb/v7e-m+fp/softfp\libc.a(libc_a-lock.o)
                0x10002144                __retarget_lock_release_recursive
 .text.sysconf  0x10002148       0x1c c:/analog/cfs/1.0.0/tools/gcc/arm-none-eabi/bin/../lib/gcc/arm-none-eabi/12.3.1/thumb/v7e-m+fp/softfp\libc.a(libc_a-sysconf.o)
                0x10002148                sysconf
 .text          0x10002164      0x134 c:/analog/cfs/1.0.0/tools/gcc/arm-none-eabi/bin/../lib/gcc/arm-none-eabi/12.3.1/thumb/v7e-m+fp/softfp\libc.a(libc_a-memcpy.o)
                0x10002164                memcpy
 *fill*         0x10002298       0x28 
 .text          0x100022c0       0xd8 c:/analog/cfs/1.0.0/tools/gcc/arm-none-eabi/bin/../lib/gcc/arm-none-eabi/12.3.1/thumb/v7e-m+fp/softfp\libc.a(libc_a-strlen.o)
                0x100022c0                strlen
 .text.startup.register_fini
                0x10002398       0x14 c:/analog/cfs/1.0.0/tools/gcc/arm-none-eabi/bin/../lib/gcc/arm-none-eabi/12.3.1/thumb/v7e-m+fp/softfp\libc.a(libc_a-__call_atexit.o)
 .text.atexit   0x100023ac        0xc c:/analog/cfs/1.0.0/tools/gcc/arm-none-eabi/bin/../lib/gcc/arm-none-eabi/12.3.1/thumb/v7e-m+fp/softfp\libc.a(libc_a-atexit.o)
                0x100023ac                atexit
 .text._malloc_trim_r
                0x100023b8       0xb8 c:/analog/cfs/1.0.0/tools/gcc/arm-none-eabi/bin/../lib/gcc/arm-none-eabi/12.3.1/thumb/v7e-m+fp/softfp\libc.a(libc_a-freer.o)
                0x100023b8                _malloc_trim_r
 .text._free_r  0x10002470      0x1fc c:/analog/cfs/1.0.0/tools/gcc/arm-none-eabi/bin/../lib/gcc/arm-none-eabi/12.3.1/thumb/v7e-m+fp/softfp\libc.a(libc_a-freer.o)
                0x10002470                _free_r
 *fill*         0x1000266c        0x4 
 .text._vfprintf_r
                0x10002670     0x1c50 c:/analog/cfs/1.0.0/tools/gcc/arm-none-eabi/bin/../lib/gcc/arm-none-eabi/12.3.1/thumb/v7e-m+fp/softfp\libc.a(libc_a-vfprintf.o)
                0x10002670                _vfprintf_r
 .text.__sbprintf
                0x100042c0       0x80 c:/analog/cfs/1.0.0/tools/gcc/arm-none-eabi/bin/../lib/gcc/arm-none-eabi/12.3.1/thumb/v7e-m+fp/softfp\libc.a(libc_a-vfprintf.o)
 .text.__sprint_r.part.0
                0x10004340       0x78 c:/analog/cfs/1.0.0/tools/gcc/arm-none-eabi/bin/../lib/gcc/arm-none-eabi/12.3.1/thumb/v7e-m+fp/softfp\libc.a(libc_a-vfiprintf.o)
 .text.__sprint_r
                0x100043b8       0x18 c:/analog/cfs/1.0.0/tools/gcc/arm-none-eabi/bin/../lib/gcc/arm-none-eabi/12.3.1/thumb/v7e-m+fp/softfp\libc.a(libc_a-vfiprintf.o)
                0x100043b8                __sprint_r
 .text._vfiprintf_r
                0x100043d0      0xfa8 c:/analog/cfs/1.0.0/tools/gcc/arm-none-eabi/bin/../lib/gcc/arm-none-eabi/12.3.1/thumb/v7e-m+fp/softfp\libc.a(libc_a-vfiprintf.o)
                0x100043d0                _vfiprintf_r
 .text.__sbprintf
                0x10005378       0x80 c:/analog/cfs/1.0.0/tools/gcc/arm-none-eabi/bin/../lib/gcc/arm-none-eabi/12.3.1/thumb/v7e-m+fp/softfp\libc.a(libc_a-vfiprintf.o)
 .text._fclose_r
                0x100053f8       0xc0 c:/analog/cfs/1.0.0/tools/gcc/arm-none-eabi/bin/../lib/gcc/arm-none-eabi/12.3.1/thumb/v7e-m+fp/softfp\libc.a(libc_a-fclose.o)
                0x100053f8                _fclose_r
 .text.__sflush_r
                0x100054b8      0x138 c:/analog/cfs/1.0.0/tools/gcc/arm-none-eabi/bin/../lib/gcc/arm-none-eabi/12.3.1/thumb/v7e-m+fp/softfp\libc.a(libc_a-fflush.o)
                0x100054b8                __sflush_r
 .text._fflush_r
                0x100055f0       0x54 c:/analog/cfs/1.0.0/tools/gcc/arm-none-eabi/bin/../lib/gcc/arm-none-eabi/12.3.1/thumb/v7e-m+fp/softfp\libc.a(libc_a-fflush.o)
                0x100055f0                _fflush_r
 .text.__sfvwrite_r
                0x10005644      0x300 c:/analog/cfs/1.0.0/tools/gcc/arm-none-eabi/bin/../lib/gcc/arm-none-eabi/12.3.1/thumb/v7e-m+fp/softfp\libc.a(libc_a-fvwrite.o)
                0x10005644                __sfvwrite_r
 .text.__swsetup_r
                0x10005944       0xc0 c:/analog/cfs/1.0.0/tools/gcc/arm-none-eabi/bin/../lib/gcc/arm-none-eabi/12.3.1/thumb/v7e-m+fp/softfp\libc.a(libc_a-wsetup.o)
                0x10005944                __swsetup_r
 .text.__fputwc
                0x10005a04       0x7c c:/analog/cfs/1.0.0/tools/gcc/arm-none-eabi/bin/../lib/gcc/arm-none-eabi/12.3.1/thumb/v7e-m+fp/softfp\libc.a(libc_a-fputwc.o)
                0x10005a04                __fputwc
 .text._fputwc_r
                0x10005a80       0x60 c:/analog/cfs/1.0.0/tools/gcc/arm-none-eabi/bin/../lib/gcc/arm-none-eabi/12.3.1/thumb/v7e-m+fp/softfp\libc.a(libc_a-fputwc.o)
                0x10005a80                _fputwc_r
 .text.memmove  0x10005ae0      0x100 c:/analog/cfs/1.0.0/tools/gcc/arm-none-eabi/bin/../lib/gcc/arm-none-eabi/12.3.1/thumb/v7e-m+fp/softfp\libc.a(libc_a-memmove.o)
                0x10005ae0                memmove
 .text.strncpy  0x10005be0       0x68 c:/analog/cfs/1.0.0/tools/gcc/arm-none-eabi/bin/../lib/gcc/arm-none-eabi/12.3.1/thumb/v7e-m+fp/softfp\libc.a(libc_a-strncpy.o)
                0x10005be0                strncpy
 .text.__locale_mb_cur_max
                0x10005c48        0xc c:/analog/cfs/1.0.0/tools/gcc/arm-none-eabi/bin/../lib/gcc/arm-none-eabi/12.3.1/thumb/v7e-m+fp/softfp\libc.a(libc_a-locale.o)
                0x10005c48                __locale_mb_cur_max
 .text._localeconv_r
                0x10005c54        0x8 c:/analog/cfs/1.0.0/tools/gcc/arm-none-eabi/bin/../lib/gcc/arm-none-eabi/12.3.1/thumb/v7e-m+fp/softfp\libc.a(libc_a-localeconv.o)
                0x10005c54                _localeconv_r
 .text.__libc_fini_array
                0x10005c5c       0x28 c:/analog/cfs/1.0.0/tools/gcc/arm-none-eabi/bin/../lib/gcc/arm-none-eabi/12.3.1/thumb/v7e-m+fp/softfp\libc.a(libc_a-fini.o)
                0x10005c5c                __libc_fini_array
 *fill*         0x10005c84        0xc 
 .text          0x10005c90       0xa0 c:/analog/cfs/1.0.0/tools/gcc/arm-none-eabi/bin/../lib/gcc/arm-none-eabi/12.3.1/thumb/v7e-m+fp/softfp\libc.a(libc_a-memchr.o)
                0x10005c90                memchr
 .text.frexp    0x10005d30       0x70 c:/analog/cfs/1.0.0/tools/gcc/arm-none-eabi/bin/../lib/gcc/arm-none-eabi/12.3.1/thumb/v7e-m+fp/softfp\libc.a(libm_a-s_frexp.o)
                0x10005d30                frexp
 .text.__register_exitproc
                0x10005da0       0x80 c:/analog/cfs/1.0.0/tools/gcc/arm-none-eabi/bin/../lib/gcc/arm-none-eabi/12.3.1/thumb/v7e-m+fp/softfp\libc.a(libc_a-__atexit.o)
                0x10005da0                __register_exitproc
 .text.quorem   0x10005e20      0x12c c:/analog/cfs/1.0.0/tools/gcc/arm-none-eabi/bin/../lib/gcc/arm-none-eabi/12.3.1/thumb/v7e-m+fp/softfp\libc.a(libc_a-dtoa.o)
 *fill*         0x10005f4c        0x4 
 .text._dtoa_r  0x10005f50      0xe44 c:/analog/cfs/1.0.0/tools/gcc/arm-none-eabi/bin/../lib/gcc/arm-none-eabi/12.3.1/thumb/v7e-m+fp/softfp\libc.a(libc_a-dtoa.o)
                0x10005f50                _dtoa_r
 .text.__ascii_mbtowc
                0x10006d94       0x2c c:/analog/cfs/1.0.0/tools/gcc/arm-none-eabi/bin/../lib/gcc/arm-none-eabi/12.3.1/thumb/v7e-m+fp/softfp\libc.a(libc_a-mbtowc_r.o)
                0x10006d94                __ascii_mbtowc
 .text._Balloc  0x10006dc0       0x4c c:/analog/cfs/1.0.0/tools/gcc/arm-none-eabi/bin/../lib/gcc/arm-none-eabi/12.3.1/thumb/v7e-m+fp/softfp\libc.a(libc_a-mprec.o)
                0x10006dc0                _Balloc
 .text._Bfree   0x10006e0c       0x14 c:/analog/cfs/1.0.0/tools/gcc/arm-none-eabi/bin/../lib/gcc/arm-none-eabi/12.3.1/thumb/v7e-m+fp/softfp\libc.a(libc_a-mprec.o)
                0x10006e0c                _Bfree
 .text.__multadd
                0x10006e20       0xa0 c:/analog/cfs/1.0.0/tools/gcc/arm-none-eabi/bin/../lib/gcc/arm-none-eabi/12.3.1/thumb/v7e-m+fp/softfp\libc.a(libc_a-mprec.o)
                0x10006e20                __multadd
 .text.__hi0bits
                0x10006ec0       0x44 c:/analog/cfs/1.0.0/tools/gcc/arm-none-eabi/bin/../lib/gcc/arm-none-eabi/12.3.1/thumb/v7e-m+fp/softfp\libc.a(libc_a-mprec.o)
                0x10006ec0                __hi0bits
 .text.__lo0bits
                0x10006f04       0x60 c:/analog/cfs/1.0.0/tools/gcc/arm-none-eabi/bin/../lib/gcc/arm-none-eabi/12.3.1/thumb/v7e-m+fp/softfp\libc.a(libc_a-mprec.o)
                0x10006f04                __lo0bits
 .text.__i2b    0x10006f64       0x5c c:/analog/cfs/1.0.0/tools/gcc/arm-none-eabi/bin/../lib/gcc/arm-none-eabi/12.3.1/thumb/v7e-m+fp/softfp\libc.a(libc_a-mprec.o)
                0x10006f64                __i2b
 .text.__multiply
                0x10006fc0      0x16c c:/analog/cfs/1.0.0/tools/gcc/arm-none-eabi/bin/../lib/gcc/arm-none-eabi/12.3.1/thumb/v7e-m+fp/softfp\libc.a(libc_a-mprec.o)
                0x10006fc0                __multiply
 .text.__pow5mult
                0x1000712c       0xb4 c:/analog/cfs/1.0.0/tools/gcc/arm-none-eabi/bin/../lib/gcc/arm-none-eabi/12.3.1/thumb/v7e-m+fp/softfp\libc.a(libc_a-mprec.o)
                0x1000712c                __pow5mult
 .text.__lshift
                0x100071e0       0xf0 c:/analog/cfs/1.0.0/tools/gcc/arm-none-eabi/bin/../lib/gcc/arm-none-eabi/12.3.1/thumb/v7e-m+fp/softfp\libc.a(libc_a-mprec.o)
                0x100071e0                __lshift
 .text.__mcmp   0x100072d0       0x44 c:/analog/cfs/1.0.0/tools/gcc/arm-none-eabi/bin/../lib/gcc/arm-none-eabi/12.3.1/thumb/v7e-m+fp/softfp\libc.a(libc_a-mprec.o)
                0x100072d0                __mcmp
 .text.__mdiff  0x10007314      0x164 c:/analog/cfs/1.0.0/tools/gcc/arm-none-eabi/bin/../lib/gcc/arm-none-eabi/12.3.1/thumb/v7e-m+fp/softfp\libc.a(libc_a-mprec.o)
                0x10007314                __mdiff
 .text.__d2b    0x10007478       0xbc c:/analog/cfs/1.0.0/tools/gcc/arm-none-eabi/bin/../lib/gcc/arm-none-eabi/12.3.1/thumb/v7e-m+fp/softfp\libc.a(libc_a-mprec.o)
                0x10007478                __d2b
 .text._realloc_r
                0x10007534      0x344 c:/analog/cfs/1.0.0/tools/gcc/arm-none-eabi/bin/../lib/gcc/arm-none-eabi/12.3.1/thumb/v7e-m+fp/softfp\libc.a(libc_a-reallocr.o)
                0x10007534                _realloc_r
 .text.__ascii_wctomb
                0x10007878       0x1c c:/analog/cfs/1.0.0/tools/gcc/arm-none-eabi/bin/../lib/gcc/arm-none-eabi/12.3.1/thumb/v7e-m+fp/softfp\libc.a(libc_a-wctomb_r.o)
                0x10007878                __ascii_wctomb
 .text._wcrtomb_r
                0x10007894       0x4c c:/analog/cfs/1.0.0/tools/gcc/arm-none-eabi/bin/../lib/gcc/arm-none-eabi/12.3.1/thumb/v7e-m+fp/softfp\libc.a(libc_a-wcrtomb.o)
                0x10007894                _wcrtomb_r
 .text._wcsrtombs_r
                0x100078e0       0x18 c:/analog/cfs/1.0.0/tools/gcc/arm-none-eabi/bin/../lib/gcc/arm-none-eabi/12.3.1/thumb/v7e-m+fp/softfp\libc.a(libc_a-wcsrtombs.o)
                0x100078e0                _wcsrtombs_r
 .text.__smakebuf_r
                0x100078f8       0xdc c:/analog/cfs/1.0.0/tools/gcc/arm-none-eabi/bin/../lib/gcc/arm-none-eabi/12.3.1/thumb/v7e-m+fp/softfp\libc.a(libc_a-makebuf.o)
                0x100078f8                __smakebuf_r
 .text.__swbuf_r
                0x100079d4       0xac c:/analog/cfs/1.0.0/tools/gcc/arm-none-eabi/bin/../lib/gcc/arm-none-eabi/12.3.1/thumb/v7e-m+fp/softfp\libc.a(libc_a-wbuf.o)
                0x100079d4                __swbuf_r
 .text._fstat_r
                0x10007a80       0x2c c:/analog/cfs/1.0.0/tools/gcc/arm-none-eabi/bin/../lib/gcc/arm-none-eabi/12.3.1/thumb/v7e-m+fp/softfp\libc.a(libc_a-fstatr.o)
                0x10007a80                _fstat_r
 .text._isatty_r
                0x10007aac       0x24 c:/analog/cfs/1.0.0/tools/gcc/arm-none-eabi/bin/../lib/gcc/arm-none-eabi/12.3.1/thumb/v7e-m+fp/softfp\libc.a(libc_a-isattyr.o)
                0x10007aac                _isatty_r
 .text.__assert_func
                0x10007ad0       0x40 c:/analog/cfs/1.0.0/tools/gcc/arm-none-eabi/bin/../lib/gcc/arm-none-eabi/12.3.1/thumb/v7e-m+fp/softfp\libc.a(libc_a-assert.o)
                0x10007ad0                __assert_func
 .text._calloc_r
                0x10007b10       0x6c c:/analog/cfs/1.0.0/tools/gcc/arm-none-eabi/bin/../lib/gcc/arm-none-eabi/12.3.1/thumb/v7e-m+fp/softfp\libc.a(libc_a-callocr.o)
                0x10007b10                _calloc_r
 .text._wcsnrtombs_l
                0x10007b7c       0xfc c:/analog/cfs/1.0.0/tools/gcc/arm-none-eabi/bin/../lib/gcc/arm-none-eabi/12.3.1/thumb/v7e-m+fp/softfp\libc.a(libc_a-wcsnrtombs.o)
                0x10007b7c                _wcsnrtombs_l
 .text._wcsnrtombs_r
                0x10007c78       0x24 c:/analog/cfs/1.0.0/tools/gcc/arm-none-eabi/bin/../lib/gcc/arm-none-eabi/12.3.1/thumb/v7e-m+fp/softfp\libc.a(libc_a-wcsnrtombs.o)
                0x10007c78                _wcsnrtombs_r
 .text.fiprintf
                0x10007c9c       0x28 c:/analog/cfs/1.0.0/tools/gcc/arm-none-eabi/bin/../lib/gcc/arm-none-eabi/12.3.1/thumb/v7e-m+fp/softfp\libc.a(libc_a-fiprintf.o)
                0x10007c9c                fiprintf
 .text.abort    0x10007cc4       0x10 c:/analog/cfs/1.0.0/tools/gcc/arm-none-eabi/bin/../lib/gcc/arm-none-eabi/12.3.1/thumb/v7e-m+fp/softfp\libc.a(libc_a-abort.o)
                0x10007cc4                abort
 .text.raise    0x10007cd4       0x58 c:/analog/cfs/1.0.0/tools/gcc/arm-none-eabi/bin/../lib/gcc/arm-none-eabi/12.3.1/thumb/v7e-m+fp/softfp\libc.a(libc_a-signal.o)
                0x10007cd4                raise
 .text._kill_r  0x10007d2c       0x2c c:/analog/cfs/1.0.0/tools/gcc/arm-none-eabi/bin/../lib/gcc/arm-none-eabi/12.3.1/thumb/v7e-m+fp/softfp\libc.a(libc_a-signalr.o)
                0x10007d2c                _kill_r
 .text._getpid_r
                0x10007d58        0x4 c:/analog/cfs/1.0.0/tools/gcc/arm-none-eabi/bin/../lib/gcc/arm-none-eabi/12.3.1/thumb/v7e-m+fp/softfp\libc.a(libc_a-signalr.o)
                0x10007d58                _getpid_r
 .text._exit    0x10007d5c        0x4 c:/analog/cfs/1.0.0/tools/gcc/arm-none-eabi/bin/../lib/gcc/arm-none-eabi/12.3.1/thumb/v7e-m+fp/softfp\libnosys.a(_exit.o)
                0x10007d5c                _exit
 .text          0x10007d60      0x378 c:/analog/cfs/1.0.0/tools/gcc/arm-none-eabi/bin/../lib/gcc/arm-none-eabi/12.3.1/thumb/v7e-m+fp/softfp\libgcc.a(_arm_addsubdf3.o)
                0x10007d60                __aeabi_drsub
                0x10007d68                __aeabi_dsub
                0x10007d68                __subdf3
                0x10007d6c                __aeabi_dadd
                0x10007d6c                __adddf3
                0x10007fe4                __floatunsidf
                0x10007fe4                __aeabi_ui2d
                0x10008004                __floatsidf
                0x10008004                __aeabi_i2d
                0x10008028                __aeabi_f2d
                0x10008028                __extendsfdf2
                0x1000806c                __floatundidf
                0x1000806c                __aeabi_ul2d
                0x1000807c                __floatdidf
                0x1000807c                __aeabi_l2d
 .text          0x100080d8      0x424 c:/analog/cfs/1.0.0/tools/gcc/arm-none-eabi/bin/../lib/gcc/arm-none-eabi/12.3.1/thumb/v7e-m+fp/softfp\libgcc.a(_arm_muldivdf3.o)
                0x100080d8                __aeabi_dmul
                0x100080d8                __muldf3
                0x1000832c                __divdf3
                0x1000832c                __aeabi_ddiv
 .text          0x100084fc      0x110 c:/analog/cfs/1.0.0/tools/gcc/arm-none-eabi/bin/../lib/gcc/arm-none-eabi/12.3.1/thumb/v7e-m+fp/softfp\libgcc.a(_arm_cmpdf2.o)
                0x100084fc                __gtdf2
                0x100084fc                __gedf2
                0x10008504                __ltdf2
                0x10008504                __ledf2
                0x1000850c                __nedf2
                0x1000850c                __eqdf2
                0x1000850c                __cmpdf2
                0x10008588                __aeabi_cdrcmple
                0x10008598                __aeabi_cdcmpeq
                0x10008598                __aeabi_cdcmple
                0x100085a8                __aeabi_dcmpeq
                0x100085bc                __aeabi_dcmplt
                0x100085d0                __aeabi_dcmple
                0x100085e4                __aeabi_dcmpge
                0x100085f8                __aeabi_dcmpgt
 .text          0x1000860c       0x2c c:/analog/cfs/1.0.0/tools/gcc/arm-none-eabi/bin/../lib/gcc/arm-none-eabi/12.3.1/thumb/v7e-m+fp/softfp\libgcc.a(_arm_unorddf2.o)
                0x1000860c                __unorddf2
                0x1000860c                __aeabi_dcmpun
 .text          0x10008638       0x50 c:/analog/cfs/1.0.0/tools/gcc/arm-none-eabi/bin/../lib/gcc/arm-none-eabi/12.3.1/thumb/v7e-m+fp/softfp\libgcc.a(_arm_fixdfsi.o)
                0x10008638                __aeabi_d2iz
                0x10008638                __fixdfsi
 .text          0x10008688       0x30 c:/analog/cfs/1.0.0/tools/gcc/arm-none-eabi/bin/../lib/gcc/arm-none-eabi/12.3.1/thumb/v7e-m+fp/softfp\libgcc.a(_aeabi_uldivmod.o)
                0x10008688                __aeabi_uldivmod
 .text.__udivmoddi4
                0x100086b8      0x2bc c:/analog/cfs/1.0.0/tools/gcc/arm-none-eabi/bin/../lib/gcc/arm-none-eabi/12.3.1/thumb/v7e-m+fp/softfp\libgcc.a(_udivmoddi4.o)
                0x100086b8                __udivmoddi4
 .text          0x10008974        0x4 c:/analog/cfs/1.0.0/tools/gcc/arm-none-eabi/bin/../lib/gcc/arm-none-eabi/12.3.1/thumb/v7e-m+fp/softfp\libgcc.a(_dvmd_tls.o)
                0x10008974                __aeabi_idiv0
                0x10008974                __aeabi_ldiv0
 *(.rodata*)
 .rodata.led_cfgs
                0x10008978       0x60 c:/MaximSDK/Examples/MAX78000/Flash-activity/build/main.o
                0x10008978                led_cfgs
 .rodata.mxc_assert.str1.4
                0x100089d8       0x19 c:/MaximSDK/Examples/MAX78000/Flash-activity/build/board.o
 *fill*         0x100089f1        0x3 
 .rodata.Board_Init.str1.4
                0x100089f4       0x55 c:/MaximSDK/Examples/MAX78000/Flash-activity/build/board.o
 *fill*         0x10008a49        0x3 
 .rodata.num_leds
                0x10008a4c        0x4 c:/MaximSDK/Examples/MAX78000/Flash-activity/build/board.o
                0x10008a4c                num_leds
 .rodata.led_pin
                0x10008a50       0x24 c:/MaximSDK/Examples/MAX78000/Flash-activity/build/board.o
                0x10008a50                led_pin
 .rodata.num_pbs
                0x10008a74        0x4 c:/MaximSDK/Examples/MAX78000/Flash-activity/build/board.o
                0x10008a74                num_pbs
 .rodata.pb_pin
                0x10008a78       0x18 c:/MaximSDK/Examples/MAX78000/Flash-activity/build/board.o
                0x10008a78                pb_pin
 .rodata.gpio_cfg_uart3
                0x10008a90        0xc C:/analog/cfs/1.0.0/SDK/MAX/Libraries/PeriphDrivers/bin/MAX78000/spi-v1_softfp/libPeriphDriver_spi-v1_softfp.a(pins_ai85.o)
                0x10008a90                gpio_cfg_uart3
 .rodata.gpio_cfg_uart2
                0x10008a9c        0xc C:/analog/cfs/1.0.0/SDK/MAX/Libraries/PeriphDrivers/bin/MAX78000/spi-v1_softfp/libPeriphDriver_spi-v1_softfp.a(pins_ai85.o)
                0x10008a9c                gpio_cfg_uart2
 .rodata.gpio_cfg_uart1
                0x10008aa8        0xc C:/analog/cfs/1.0.0/SDK/MAX/Libraries/PeriphDrivers/bin/MAX78000/spi-v1_softfp/libPeriphDriver_spi-v1_softfp.a(pins_ai85.o)
                0x10008aa8                gpio_cfg_uart1
 .rodata.gpio_cfg_uart0
                0x10008ab4        0xc C:/analog/cfs/1.0.0/SDK/MAX/Libraries/PeriphDrivers/bin/MAX78000/spi-v1_softfp/libPeriphDriver_spi-v1_softfp.a(pins_ai85.o)
                0x10008ab4                gpio_cfg_uart0
 .rodata.gpio_cfg_extclk
                0x10008ac0        0xc C:/analog/cfs/1.0.0/SDK/MAX/Libraries/PeriphDrivers/bin/MAX78000/spi-v1_softfp/libPeriphDriver_spi-v1_softfp.a(pins_ai85.o)
                0x10008ac0                gpio_cfg_extclk
 .rodata.MXC_UART_RevB_Init.str1.4
                0x10008acc       0x7b C:/analog/cfs/1.0.0/SDK/MAX/Libraries/PeriphDrivers/bin/MAX78000/spi-v1_softfp/libPeriphDriver_spi-v1_softfp.a(uart_revb.o)
 *fill*         0x10008b47        0x1 
 .rodata.MXC_UART_RevB_SetClockSource.str1.4
                0x10008b48       0x27 C:/analog/cfs/1.0.0/SDK/MAX/Libraries/PeriphDrivers/bin/MAX78000/spi-v1_softfp/libPeriphDriver_spi-v1_softfp.a(uart_revb.o)
 *fill*         0x10008b6f        0x1 
 .rodata.MXC_GPIO_Common_Handler.str1.4
                0x10008b70       0x6e C:/analog/cfs/1.0.0/SDK/MAX/Libraries/PeriphDrivers/bin/MAX78000/spi-v1_softfp/libPeriphDriver_spi-v1_softfp.a(gpio_common.o)
 *fill*         0x10008bde        0x2 
 .rodata.CSWTCH.16
                0x10008be0        0xc C:/analog/cfs/1.0.0/SDK/MAX/Libraries/PeriphDrivers/bin/MAX78000/spi-v1_softfp/libPeriphDriver_spi-v1_softfp.a(gpio_common.o)
 .rodata._vfprintf_r.str1.4
                0x10008bec       0x42 c:/analog/cfs/1.0.0/tools/gcc/arm-none-eabi/bin/../lib/gcc/arm-none-eabi/12.3.1/thumb/v7e-m+fp/softfp\libc.a(libc_a-vfprintf.o)
 *fill*         0x10008c2e        0x2 
 .rodata.zeroes.0
                0x10008c30       0x10 c:/analog/cfs/1.0.0/tools/gcc/arm-none-eabi/bin/../lib/gcc/arm-none-eabi/12.3.1/thumb/v7e-m+fp/softfp\libc.a(libc_a-vfprintf.o)
 .rodata.blanks.1
                0x10008c40       0x10 c:/analog/cfs/1.0.0/tools/gcc/arm-none-eabi/bin/../lib/gcc/arm-none-eabi/12.3.1/thumb/v7e-m+fp/softfp\libc.a(libc_a-vfprintf.o)
 .rodata._vfiprintf_r.str1.4
                0x10008c50       0x2f c:/analog/cfs/1.0.0/tools/gcc/arm-none-eabi/bin/../lib/gcc/arm-none-eabi/12.3.1/thumb/v7e-m+fp/softfp\libc.a(libc_a-vfiprintf.o)
 .rodata.zeroes.0
                0x10008c50       0x10 c:/analog/cfs/1.0.0/tools/gcc/arm-none-eabi/bin/../lib/gcc/arm-none-eabi/12.3.1/thumb/v7e-m+fp/softfp\libc.a(libc_a-vfiprintf.o)
 .rodata.blanks.1
                0x10008c60       0x10 c:/analog/cfs/1.0.0/tools/gcc/arm-none-eabi/bin/../lib/gcc/arm-none-eabi/12.3.1/thumb/v7e-m+fp/softfp\libc.a(libc_a-vfiprintf.o)
 .rodata.str1.4
                0x10008c70       0x48 c:/analog/cfs/1.0.0/tools/gcc/arm-none-eabi/bin/../lib/gcc/arm-none-eabi/12.3.1/thumb/v7e-m+fp/softfp\libc.a(libc_a-locale.o)
                                 0x4c (size before relaxing)
 .rodata._dtoa_r.str1.4
                0x10008cb8       0x7d c:/analog/cfs/1.0.0/tools/gcc/arm-none-eabi/bin/../lib/gcc/arm-none-eabi/12.3.1/thumb/v7e-m+fp/softfp\libc.a(libc_a-dtoa.o)
                                 0x81 (size before relaxing)
 *fill*         0x10008d35        0x3 
 .rodata.__multadd.str1.4
                0x10008d38       0x5a c:/analog/cfs/1.0.0/tools/gcc/arm-none-eabi/bin/../lib/gcc/arm-none-eabi/12.3.1/thumb/v7e-m+fp/softfp\libc.a(libc_a-mprec.o)
                                 0x6e (size before relaxing)
 *fill*         0x10008d92        0x2 
 .rodata.p05.0  0x10008d94        0xc c:/analog/cfs/1.0.0/tools/gcc/arm-none-eabi/bin/../lib/gcc/arm-none-eabi/12.3.1/thumb/v7e-m+fp/softfp\libc.a(libc_a-mprec.o)
 .rodata.__mprec_bigtens
                0x10008da0       0x28 c:/analog/cfs/1.0.0/tools/gcc/arm-none-eabi/bin/../lib/gcc/arm-none-eabi/12.3.1/thumb/v7e-m+fp/softfp\libc.a(libc_a-mprec.o)
                0x10008da0                __mprec_bigtens
 .rodata.__mprec_tens
                0x10008dc8       0xc8 c:/analog/cfs/1.0.0/tools/gcc/arm-none-eabi/bin/../lib/gcc/arm-none-eabi/12.3.1/thumb/v7e-m+fp/softfp\libc.a(libc_a-mprec.o)
                0x10008dc8                __mprec_tens
 .rodata._ctype_
                0x10008e90      0x101 c:/analog/cfs/1.0.0/tools/gcc/arm-none-eabi/bin/../lib/gcc/arm-none-eabi/12.3.1/thumb/v7e-m+fp/softfp\libc.a(libc_a-ctype_.o)
                0x10008e90                _ctype_
 *fill*         0x10008f91        0x3 
 .rodata.__assert_func.str1.4
                0x10008f94       0x3f c:/analog/cfs/1.0.0/tools/gcc/arm-none-eabi/bin/../lib/gcc/arm-none-eabi/12.3.1/thumb/v7e-m+fp/softfp\libc.a(libc_a-assert.o)
                                 0x43 (size before relaxing)
 *(.init)
 *fill*         0x10008fd3        0x1 
 .init          0x10008fd4        0x4 c:/analog/cfs/1.0.0/tools/gcc/arm-none-eabi/bin/../lib/gcc/arm-none-eabi/12.3.1/thumb/v7e-m+fp/softfp/crti.o
                0x10008fd4                _init
 .init          0x10008fd8        0x8 c:/analog/cfs/1.0.0/tools/gcc/arm-none-eabi/bin/../lib/gcc/arm-none-eabi/12.3.1/thumb/v7e-m+fp/softfp/crtn.o
 *(.fini)
 .fini          0x10008fe0        0x4 c:/analog/cfs/1.0.0/tools/gcc/arm-none-eabi/bin/../lib/gcc/arm-none-eabi/12.3.1/thumb/v7e-m+fp/softfp/crti.o
                0x10008fe0                _fini
 .fini          0x10008fe4        0x8 c:/analog/cfs/1.0.0/tools/gcc/arm-none-eabi/bin/../lib/gcc/arm-none-eabi/12.3.1/thumb/v7e-m+fp/softfp/crtn.o
 *crtbegin.o(.ctors)
 *crtbegin?.o(.ctors)
 *(EXCLUDE_FILE(*crtend.o *crtend?.o) .ctors)
 *(SORT_BY_NAME(.ctors.*))
 *(.ctors)
 *crtbegin.o(.dtors)
 *crtbegin?.o(.dtors)
 *(EXCLUDE_FILE(*crtend.o *crtend?.o) .dtors)
 *(SORT_BY_NAME(.dtors.*))
 *(.dtors)
 *(.eh_frame*)
 .eh_frame      0x10008fec        0x0 c:/analog/cfs/1.0.0/tools/gcc/arm-none-eabi/bin/../lib/gcc/arm-none-eabi/12.3.1/thumb/v7e-m+fp/softfp/crtbegin.o
 .eh_frame      0x10008fec       0x2c c:/analog/cfs/1.0.0/tools/gcc/arm-none-eabi/bin/../lib/gcc/arm-none-eabi/12.3.1/thumb/v7e-m+fp/softfp\libc.a(libc_a-memcpy.o)
 .eh_frame      0x10009018       0x34 c:/analog/cfs/1.0.0/tools/gcc/arm-none-eabi/bin/../lib/gcc/arm-none-eabi/12.3.1/thumb/v7e-m+fp/softfp\libc.a(libc_a-strlen.o)
 .eh_frame      0x1000904c       0x50 c:/analog/cfs/1.0.0/tools/gcc/arm-none-eabi/bin/../lib/gcc/arm-none-eabi/12.3.1/thumb/v7e-m+fp/softfp\libc.a(libc_a-memchr.o)
 .eh_frame      0x1000909c        0x4 c:/analog/cfs/1.0.0/tools/gcc/arm-none-eabi/bin/../lib/gcc/arm-none-eabi/12.3.1/thumb/v7e-m+fp/softfp/crtend.o
                0x100090a0                        _etext = .

.glue_7         0x100090a0        0x0
 .glue_7        0x100090a0        0x0 linker stubs

.glue_7t        0x100090a0        0x0
 .glue_7t       0x100090a0        0x0 linker stubs

.vfp11_veneer   0x100090a0        0x0
 .vfp11_veneer  0x100090a0        0x0 linker stubs

.v4_bx          0x100090a0        0x0
 .v4_bx         0x100090a0        0x0 linker stubs

.iplt           0x100090a0        0x0
 .iplt          0x100090a0        0x0 c:/analog/cfs/1.0.0/tools/gcc/arm-none-eabi/bin/../lib/gcc/arm-none-eabi/12.3.1/thumb/v7e-m+fp/softfp/crtbegin.o

.ARM.extab
 *(.ARM.extab* .gnu.linkonce.armextab.*)

.bin_storage    0x100090a0        0x0
 FILL mask 0xff
                0x100090a0                        _bin_start_ = .
 *(.bin_storage_img)
                0x100090a0                        _bin_end_ = .
                0x100090a0                        . = ALIGN (0x4)

.rom_code       0x00000000        0x0
                0x00000000                        . = ALIGN (0x10)
                0x20000000                        _sran_code = .
 *(.rom_code_section)
                0x20000000                        _esran_code = .

.flash_code     0x100090a0        0x0
                0x100090a0                        . = ALIGN (0x10)
                0x20000000                        _sran_code = .
 *(.flash_code_section)
                0x20000000                        _esran_code = .

.sram_code      0x20000000        0x0
                0x20000000                        . = ALIGN (0x10)
                0x20000000                        _sran_code = .
 *(.sram_code_section)
                0x20000000                        _esran_code = .

.ARM.exidx      0x100090a0        0x8
                0x100090a0                        __exidx_start = .
 *(.ARM.exidx* .gnu.linkonce.armexidx.*)
 .ARM.exidx     0x100090a0        0x8 c:/analog/cfs/1.0.0/tools/gcc/arm-none-eabi/bin/../lib/gcc/arm-none-eabi/12.3.1/thumb/v7e-m+fp/softfp\libc.a(libc_a-memcpy.o)
 .ARM.exidx     0x100090a8        0x0 c:/analog/cfs/1.0.0/tools/gcc/arm-none-eabi/bin/../lib/gcc/arm-none-eabi/12.3.1/thumb/v7e-m+fp/softfp\libc.a(libc_a-strlen.o)
                                  0x8 (size before relaxing)
 .ARM.exidx     0x100090a8        0x0 c:/analog/cfs/1.0.0/tools/gcc/arm-none-eabi/bin/../lib/gcc/arm-none-eabi/12.3.1/thumb/v7e-m+fp/softfp\libc.a(libc_a-memchr.o)
                                  0x8 (size before relaxing)
 .ARM.exidx.text.__udivmoddi4
                0x100090a8        0x0 c:/analog/cfs/1.0.0/tools/gcc/arm-none-eabi/bin/../lib/gcc/arm-none-eabi/12.3.1/thumb/v7e-m+fp/softfp\libgcc.a(_udivmoddi4.o)
                                  0x8 (size before relaxing)
                0x100090a8                        __exidx_end = .

.rel.dyn        0x100090a8        0x0
 .rel.iplt      0x100090a8        0x0 c:/analog/cfs/1.0.0/tools/gcc/arm-none-eabi/bin/../lib/gcc/arm-none-eabi/12.3.1/thumb/v7e-m+fp/softfp/crtbegin.o

.data           0x20000000      0x72c load address 0x100090a8
                0x20000000                        _data = ALIGN (., 0x4)
 *(vtable)
 *(.data*)
 .data.dir.0    0x20000000        0x4 c:/MaximSDK/Examples/MAX78000/Flash-activity/build/main.o
 .data.ConsoleUart
                0x20000004        0x4 c:/MaximSDK/Examples/MAX78000/Flash-activity/build/board.o
                0x20000004                ConsoleUart
 .data.overflows
                0x20000008        0x4 C:/analog/cfs/1.0.0/SDK/MAX/Libraries/PeriphDrivers/bin/MAX78000/spi-v1_softfp/libPeriphDriver_spi-v1_softfp.a(mxc_delay.o)
 *fill*         0x2000000c        0x4 
 .data.states   0x20000010       0x60 C:/analog/cfs/1.0.0/SDK/MAX/Libraries/PeriphDrivers/bin/MAX78000/spi-v1_softfp/libPeriphDriver_spi-v1_softfp.a(uart_revb.o)
 .data.__malloc_sbrk_base
                0x20000070        0x4 c:/analog/cfs/1.0.0/tools/gcc/arm-none-eabi/bin/../lib/gcc/arm-none-eabi/12.3.1/thumb/v7e-m+fp/softfp\libc.a(libc_a-mallocr.o)
                0x20000070                __malloc_sbrk_base
 .data.__malloc_trim_threshold
                0x20000074        0x4 c:/analog/cfs/1.0.0/tools/gcc/arm-none-eabi/bin/../lib/gcc/arm-none-eabi/12.3.1/thumb/v7e-m+fp/softfp\libc.a(libc_a-mallocr.o)
                0x20000074                __malloc_trim_threshold
 .data.__malloc_av_
                0x20000078      0x408 c:/analog/cfs/1.0.0/tools/gcc/arm-none-eabi/bin/../lib/gcc/arm-none-eabi/12.3.1/thumb/v7e-m+fp/softfp\libc.a(libc_a-mallocr.o)
                0x20000078                __malloc_av_
 .data.__sglue  0x20000480        0xc c:/analog/cfs/1.0.0/tools/gcc/arm-none-eabi/bin/../lib/gcc/arm-none-eabi/12.3.1/thumb/v7e-m+fp/softfp\libc.a(libc_a-findfp.o)
                0x20000480                __sglue
 .data._impure_ptr
                0x2000048c        0x4 c:/analog/cfs/1.0.0/tools/gcc/arm-none-eabi/bin/../lib/gcc/arm-none-eabi/12.3.1/thumb/v7e-m+fp/softfp\libc.a(libc_a-impure.o)
                0x2000048c                _impure_ptr
 .data._impure_data
                0x20000490      0x120 c:/analog/cfs/1.0.0/tools/gcc/arm-none-eabi/bin/../lib/gcc/arm-none-eabi/12.3.1/thumb/v7e-m+fp/softfp\libc.a(libc_a-impure.o)
                0x20000490                _impure_data
 .data.__atexit_recursive_mutex
                0x200005b0        0x4 c:/analog/cfs/1.0.0/tools/gcc/arm-none-eabi/bin/../lib/gcc/arm-none-eabi/12.3.1/thumb/v7e-m+fp/softfp\libc.a(libc_a-__call_atexit.o)
                0x200005b0                __atexit_recursive_mutex
 .data.__global_locale
                0x200005b4      0x16c c:/analog/cfs/1.0.0/tools/gcc/arm-none-eabi/bin/../lib/gcc/arm-none-eabi/12.3.1/thumb/v7e-m+fp/softfp\libc.a(libc_a-locale.o)
                0x200005b4                __global_locale
 *(.flashprog*)
                0x20000720                        . = ALIGN (0x4)
                0x20000720                        PROVIDE (__preinit_array_start = .)
 *(.preinit_array)
                0x20000720                        PROVIDE (__preinit_array_end = .)
                0x20000720                        . = ALIGN (0x4)
                0x20000720                        PROVIDE (__init_array_start = .)
 *(SORT_BY_NAME(.init_array.*))
 .init_array.00000
                0x20000720        0x4 c:/analog/cfs/1.0.0/tools/gcc/arm-none-eabi/bin/../lib/gcc/arm-none-eabi/12.3.1/thumb/v7e-m+fp/softfp\libc.a(libc_a-__call_atexit.o)
 *(.init_array)
 .init_array    0x20000724        0x4 c:/analog/cfs/1.0.0/tools/gcc/arm-none-eabi/bin/../lib/gcc/arm-none-eabi/12.3.1/thumb/v7e-m+fp/softfp/crtbegin.o
                0x20000728                        PROVIDE (__init_array_end = .)
                0x20000728                        . = ALIGN (0x4)
                0x20000728                        PROVIDE (__fini_array_start = .)
 *(SORT_BY_NAME(.fini_array.*))
 *(.fini_array)
 .fini_array    0x20000728        0x4 c:/analog/cfs/1.0.0/tools/gcc/arm-none-eabi/bin/../lib/gcc/arm-none-eabi/12.3.1/thumb/v7e-m+fp/softfp/crtbegin.o
                0x2000072c                        PROVIDE (__fini_array_end = .)
                0x2000072c                        _edata = ALIGN (., 0x4)
                0x100090a8                        __load_data = LOADADDR (.data)

.tm_clone_table
                0x2000072c        0x0 load address 0x100097d4
 .tm_clone_table
                0x2000072c        0x0 c:/analog/cfs/1.0.0/tools/gcc/arm-none-eabi/bin/../lib/gcc/arm-none-eabi/12.3.1/thumb/v7e-m+fp/softfp/crtbegin.o
 .tm_clone_table
                0x2000072c        0x0 c:/analog/cfs/1.0.0/tools/gcc/arm-none-eabi/bin/../lib/gcc/arm-none-eabi/12.3.1/thumb/v7e-m+fp/softfp/crtend.o

.igot.plt       0x2000072c        0x0 load address 0x100097d4
 .igot.plt      0x2000072c        0x0 c:/analog/cfs/1.0.0/tools/gcc/arm-none-eabi/bin/../lib/gcc/arm-none-eabi/12.3.1/thumb/v7e-m+fp/softfp/crtbegin.o

.bss            0x2000072c      0x750 load address 0x100097d4
                0x2000072c                        . = ALIGN (0x4)
                0x2000072c                        _bss = .
 *(.bss*)
 .bss.completed.1
                0x2000072c        0x1 c:/analog/cfs/1.0.0/tools/gcc/arm-none-eabi/bin/../lib/gcc/arm-none-eabi/12.3.1/thumb/v7e-m+fp/softfp/crtbegin.o
 *fill*         0x2000072d        0x3 
 .bss.object.0  0x20000730       0x18 c:/analog/cfs/1.0.0/tools/gcc/arm-none-eabi/bin/../lib/gcc/arm-none-eabi/12.3.1/thumb/v7e-m+fp/softfp/crtbegin.o
 .bss.pos.1     0x20000748        0x4 c:/MaximSDK/Examples/MAX78000/Flash-activity/build/main.o
 .bss.mode      0x2000074c        0x4 c:/MaximSDK/Examples/MAX78000/Flash-activity/build/main.o
                0x2000074c                mode
 .bss.heap_end  0x20000750        0x4 c:/MaximSDK/Examples/MAX78000/Flash-activity/build/heap.o
 .bss.cbFunc    0x20000754        0x4 C:/analog/cfs/1.0.0/SDK/MAX/Libraries/PeriphDrivers/bin/MAX78000/spi-v1_softfp/libPeriphDriver_spi-v1_softfp.a(mxc_delay.o)
 .bss.ctrl_save
                0x20000758        0x4 C:/analog/cfs/1.0.0/SDK/MAX/Libraries/PeriphDrivers/bin/MAX78000/spi-v1_softfp/libPeriphDriver_spi-v1_softfp.a(mxc_delay.o)
 .bss.endtick   0x2000075c        0x4 C:/analog/cfs/1.0.0/SDK/MAX/Libraries/PeriphDrivers/bin/MAX78000/spi-v1_softfp/libPeriphDriver_spi-v1_softfp.a(mxc_delay.o)
 .bss.g_is_clock_locked
                0x20000760        0x4 C:/analog/cfs/1.0.0/SDK/MAX/Libraries/PeriphDrivers/bin/MAX78000/spi-v1_softfp/libPeriphDriver_spi-v1_softfp.a(uart_revb.o)
 .bss.cfg_lock  0x20000764        0x1 C:/analog/cfs/1.0.0/SDK/MAX/Libraries/PeriphDrivers/bin/MAX78000/spi-v1_softfp/libPeriphDriver_spi-v1_softfp.a(gpio_common.o)
 .bss.initialized
                0x20000765        0x1 C:/analog/cfs/1.0.0/SDK/MAX/Libraries/PeriphDrivers/bin/MAX78000/spi-v1_softfp/libPeriphDriver_spi-v1_softfp.a(gpio_common.o)
 *fill*         0x20000766        0x2 
 .bss.cbparam   0x20000768      0x200 C:/analog/cfs/1.0.0/SDK/MAX/Libraries/PeriphDrivers/bin/MAX78000/spi-v1_softfp/libPeriphDriver_spi-v1_softfp.a(gpio_common.o)
 .bss.callback  0x20000968      0x200 C:/analog/cfs/1.0.0/SDK/MAX/Libraries/PeriphDrivers/bin/MAX78000/spi-v1_softfp/libPeriphDriver_spi-v1_softfp.a(gpio_common.o)
 .bss.__malloc_current_mallinfo
                0x20000b68       0x28 c:/analog/cfs/1.0.0/tools/gcc/arm-none-eabi/bin/../lib/gcc/arm-none-eabi/12.3.1/thumb/v7e-m+fp/softfp\libc.a(libc_a-mallocr.o)
                0x20000b68                __malloc_current_mallinfo
 .bss.__malloc_max_total_mem
                0x20000b90        0x4 c:/analog/cfs/1.0.0/tools/gcc/arm-none-eabi/bin/../lib/gcc/arm-none-eabi/12.3.1/thumb/v7e-m+fp/softfp\libc.a(libc_a-mallocr.o)
                0x20000b90                __malloc_max_total_mem
 .bss.__malloc_max_sbrked_mem
                0x20000b94        0x4 c:/analog/cfs/1.0.0/tools/gcc/arm-none-eabi/bin/../lib/gcc/arm-none-eabi/12.3.1/thumb/v7e-m+fp/softfp\libc.a(libc_a-mallocr.o)
                0x20000b94                __malloc_max_sbrked_mem
 .bss.__malloc_top_pad
                0x20000b98        0x4 c:/analog/cfs/1.0.0/tools/gcc/arm-none-eabi/bin/../lib/gcc/arm-none-eabi/12.3.1/thumb/v7e-m+fp/softfp\libc.a(libc_a-mallocr.o)
                0x20000b98                __malloc_top_pad
 .bss.__sf      0x20000b9c      0x138 c:/analog/cfs/1.0.0/tools/gcc/arm-none-eabi/bin/../lib/gcc/arm-none-eabi/12.3.1/thumb/v7e-m+fp/softfp\libc.a(libc_a-findfp.o)
                0x20000b9c                __sf
 .bss.__stdio_exit_handler
                0x20000cd4        0x4 c:/analog/cfs/1.0.0/tools/gcc/arm-none-eabi/bin/../lib/gcc/arm-none-eabi/12.3.1/thumb/v7e-m+fp/softfp\libc.a(libc_a-findfp.o)
                0x20000cd4                __stdio_exit_handler
 .bss.errno     0x20000cd8        0x4 c:/analog/cfs/1.0.0/tools/gcc/arm-none-eabi/bin/../lib/gcc/arm-none-eabi/12.3.1/thumb/v7e-m+fp/softfp\libc.a(libc_a-reent.o)
                0x20000cd8                errno
 .bss.__lock___malloc_recursive_mutex
                0x20000cdc        0x1 c:/analog/cfs/1.0.0/tools/gcc/arm-none-eabi/bin/../lib/gcc/arm-none-eabi/12.3.1/thumb/v7e-m+fp/softfp\libc.a(libc_a-lock.o)
                0x20000cdc                __lock___malloc_recursive_mutex
 *fill*         0x20000cdd        0x3 
 .bss.__lock___atexit_recursive_mutex
                0x20000ce0        0x1 c:/analog/cfs/1.0.0/tools/gcc/arm-none-eabi/bin/../lib/gcc/arm-none-eabi/12.3.1/thumb/v7e-m+fp/softfp\libc.a(libc_a-lock.o)
                0x20000ce0                __lock___atexit_recursive_mutex
 *fill*         0x20000ce1        0x3 
 .bss.__lock___sfp_recursive_mutex
                0x20000ce4        0x1 c:/analog/cfs/1.0.0/tools/gcc/arm-none-eabi/bin/../lib/gcc/arm-none-eabi/12.3.1/thumb/v7e-m+fp/softfp\libc.a(libc_a-lock.o)
                0x20000ce4                __lock___sfp_recursive_mutex
 *fill*         0x20000ce5        0x3 
 .bss.__atexit  0x20000ce8        0x4 c:/analog/cfs/1.0.0/tools/gcc/arm-none-eabi/bin/../lib/gcc/arm-none-eabi/12.3.1/thumb/v7e-m+fp/softfp\libc.a(libc_a-__call_atexit.o)
                0x20000ce8                __atexit
 .bss.__atexit0
                0x20000cec      0x190 c:/analog/cfs/1.0.0/tools/gcc/arm-none-eabi/bin/../lib/gcc/arm-none-eabi/12.3.1/thumb/v7e-m+fp/softfp\libc.a(libc_a-__atexit.o)
                0x20000cec                __atexit0
 *(COMMON)
                0x20000e7c                        _ebss = ALIGN (., 0x4)

.shared         0x20000e7c        0x4 load address 0x100097d4
                0x20000e7c                        . = ALIGN (0x4)
                0x20000e7c                        _shared = .
 *(.mailbox*)
                0x20000e7c                        . = ALIGN (0x4)
 *(.shared*)
 .shared        0x20000e7c        0x4 c:/MaximSDK/Examples/MAX78000/Flash-activity/build/system_max78000.o
                0x20000e7c                SystemCoreClock
                0x20000e80                        _eshared = ALIGN (., 0x4)
                0x100097d4                        __shared_data = LOADADDR (.shared)
                0x20020000                        __StackTop = (ORIGIN (SRAM) + LENGTH (SRAM))
                0x2001f000                        __StackLimit = (__StackTop - SIZEOF (.stack_dummy))

.stack_dummy    0x20000e80     0x1000 load address 0x100097d8
 *(.stack*)
 .stack         0x20000e80     0x1000 c:/MaximSDK/Examples/MAX78000/Flash-activity/build/startup_max78000.o

.heap           0x20000e80      0xc00 load address 0x100097d8
                0x20000e80                        . = ALIGN (0x4)
 *(.heap*)
 .heap          0x20000e80      0xc00 c:/MaximSDK/Examples/MAX78000/Flash-activity/build/startup_max78000.o
                0x20000e80                __HeapBase
                0x2001f000                        __HeapLimit = ABSOLUTE (__StackLimit)
                0x20020000                        PROVIDE (__stack = __StackTop)
                0x00000001                        ASSERT ((__StackLimit >= _ebss), region RAM overflowed with stack)

.riscv_flash    0x100097d8      0x128
                0x10009800                        . = ALIGN (0x100)
 *fill*         0x100097d8       0x28 
                0x10009900                        . = (. + 0x100)
 *fill*         0x10009800      0x100 
                0x10009900                        _riscv_boot = .
 *riscv.o(.text*)
OUTPUT(c:/MaximSDK/Examples/MAX78000/Flash-activity/build/Flash-activity.elf elf32-littlearm)
LOAD linker stubs

.ARM.attributes
                0x00000000       0x2e
 .ARM.attributes
                0x00000000       0x22 c:/analog/cfs/1.0.0/tools/gcc/arm-none-eabi/bin/../lib/gcc/arm-none-eabi/12.3.1/thumb/v7e-m+fp/softfp/crti.o
 .ARM.attributes
                0x00000022       0x32 c:/analog/cfs/1.0.0/tools/gcc/arm-none-eabi/bin/../lib/gcc/arm-none-eabi/12.3.1/thumb/v7e-m+fp/softfp/crtbegin.o
 .ARM.attributes
                0x00000054       0x32 c:/MaximSDK/Examples/MAX78000/Flash-activity/build/main.o
 .ARM.attributes
                0x00000086       0x32 c:/MaximSDK/Examples/MAX78000/Flash-activity/build/board.o
 .ARM.attributes
                0x000000b8       0x32 c:/MaximSDK/Examples/MAX78000/Flash-activity/build/stdio.o
 .ARM.attributes
                0x000000ea       0x32 c:/MaximSDK/Examples/MAX78000/Flash-activity/build/led.o
 .ARM.attributes
                0x0000011c       0x32 c:/MaximSDK/Examples/MAX78000/Flash-activity/build/pb.o
 .ARM.attributes
                0x0000014e       0x1b c:/MaximSDK/Examples/MAX78000/Flash-activity/build/startup_max78000.o
 .ARM.attributes
                0x00000169       0x32 c:/MaximSDK/Examples/MAX78000/Flash-activity/build/heap.o
 .ARM.attributes
                0x0000019b       0x32 c:/MaximSDK/Examples/MAX78000/Flash-activity/build/system_max78000.o
 .ARM.attributes
                0x000001cd       0x32 C:/analog/cfs/1.0.0/SDK/MAX/Libraries/PeriphDrivers/bin/MAX78000/spi-v1_softfp/libPeriphDriver_spi-v1_softfp.a(mxc_delay.o)
 .ARM.attributes
                0x000001ff       0x32 C:/analog/cfs/1.0.0/SDK/MAX/Libraries/PeriphDrivers/bin/MAX78000/spi-v1_softfp/libPeriphDriver_spi-v1_softfp.a(pins_ai85.o)
 .ARM.attributes
                0x00000231       0x32 C:/analog/cfs/1.0.0/SDK/MAX/Libraries/PeriphDrivers/bin/MAX78000/spi-v1_softfp/libPeriphDriver_spi-v1_softfp.a(sys_ai85.o)
 .ARM.attributes
                0x00000263       0x32 C:/analog/cfs/1.0.0/SDK/MAX/Libraries/PeriphDrivers/bin/MAX78000/spi-v1_softfp/libPeriphDriver_spi-v1_softfp.a(gpio_ai85.o)
 .ARM.attributes
                0x00000295       0x32 C:/analog/cfs/1.0.0/SDK/MAX/Libraries/PeriphDrivers/bin/MAX78000/spi-v1_softfp/libPeriphDriver_spi-v1_softfp.a(gpio_reva.o)
 .ARM.attributes
                0x000002c7       0x32 C:/analog/cfs/1.0.0/SDK/MAX/Libraries/PeriphDrivers/bin/MAX78000/spi-v1_softfp/libPeriphDriver_spi-v1_softfp.a(icc_me17.o)
 .ARM.attributes
                0x000002f9       0x32 C:/analog/cfs/1.0.0/SDK/MAX/Libraries/PeriphDrivers/bin/MAX78000/spi-v1_softfp/libPeriphDriver_spi-v1_softfp.a(icc_reva.o)
 .ARM.attributes
                0x0000032b       0x32 C:/analog/cfs/1.0.0/SDK/MAX/Libraries/PeriphDrivers/bin/MAX78000/spi-v1_softfp/libPeriphDriver_spi-v1_softfp.a(uart_ai85.o)
 .ARM.attributes
                0x0000035d       0x32 C:/analog/cfs/1.0.0/SDK/MAX/Libraries/PeriphDrivers/bin/MAX78000/spi-v1_softfp/libPeriphDriver_spi-v1_softfp.a(uart_common.o)
 .ARM.attributes
                0x0000038f       0x32 C:/analog/cfs/1.0.0/SDK/MAX/Libraries/PeriphDrivers/bin/MAX78000/spi-v1_softfp/libPeriphDriver_spi-v1_softfp.a(uart_revb.o)
 .ARM.attributes
                0x000003c1       0x32 C:/analog/cfs/1.0.0/SDK/MAX/Libraries/PeriphDrivers/bin/MAX78000/spi-v1_softfp/libPeriphDriver_spi-v1_softfp.a(gpio_common.o)
 .ARM.attributes
                0x000003f3       0x32 c:/analog/cfs/1.0.0/tools/gcc/arm-none-eabi/bin/../lib/gcc/arm-none-eabi/12.3.1/thumb/v7e-m+fp/softfp\libc.a(libc_a-mallocr.o)
 .ARM.attributes
                0x00000425       0x32 c:/analog/cfs/1.0.0/tools/gcc/arm-none-eabi/bin/../lib/gcc/arm-none-eabi/12.3.1/thumb/v7e-m+fp/softfp\libc.a(libc_a-mlock.o)
 .ARM.attributes
                0x00000457       0x32 c:/analog/cfs/1.0.0/tools/gcc/arm-none-eabi/bin/../lib/gcc/arm-none-eabi/12.3.1/thumb/v7e-m+fp/softfp\libc.a(libc_a-findfp.o)
 .ARM.attributes
                0x00000489       0x32 c:/analog/cfs/1.0.0/tools/gcc/arm-none-eabi/bin/../lib/gcc/arm-none-eabi/12.3.1/thumb/v7e-m+fp/softfp\libc.a(libc_a-fwalk.o)
 .ARM.attributes
                0x000004bb       0x32 c:/analog/cfs/1.0.0/tools/gcc/arm-none-eabi/bin/../lib/gcc/arm-none-eabi/12.3.1/thumb/v7e-m+fp/softfp\libc.a(libc_a-printf.o)
 .ARM.attributes
                0x000004ed       0x32 c:/analog/cfs/1.0.0/tools/gcc/arm-none-eabi/bin/../lib/gcc/arm-none-eabi/12.3.1/thumb/v7e-m+fp/softfp\libc.a(libc_a-stdio.o)
 .ARM.attributes
                0x0000051f       0x32 c:/analog/cfs/1.0.0/tools/gcc/arm-none-eabi/bin/../lib/gcc/arm-none-eabi/12.3.1/thumb/v7e-m+fp/softfp\libc.a(libc_a-memset.o)
 .ARM.attributes
                0x00000551       0x32 c:/analog/cfs/1.0.0/tools/gcc/arm-none-eabi/bin/../lib/gcc/arm-none-eabi/12.3.1/thumb/v7e-m+fp/softfp\libc.a(libc_a-closer.o)
 .ARM.attributes
                0x00000583       0x32 c:/analog/cfs/1.0.0/tools/gcc/arm-none-eabi/bin/../lib/gcc/arm-none-eabi/12.3.1/thumb/v7e-m+fp/softfp\libc.a(libc_a-reent.o)
 .ARM.attributes
                0x000005b5       0x32 c:/analog/cfs/1.0.0/tools/gcc/arm-none-eabi/bin/../lib/gcc/arm-none-eabi/12.3.1/thumb/v7e-m+fp/softfp\libc.a(libc_a-impure.o)
 .ARM.attributes
                0x000005e7       0x32 c:/analog/cfs/1.0.0/tools/gcc/arm-none-eabi/bin/../lib/gcc/arm-none-eabi/12.3.1/thumb/v7e-m+fp/softfp\libc.a(libc_a-lseekr.o)
 .ARM.attributes
                0x00000619       0x32 c:/analog/cfs/1.0.0/tools/gcc/arm-none-eabi/bin/../lib/gcc/arm-none-eabi/12.3.1/thumb/v7e-m+fp/softfp\libc.a(libc_a-readr.o)
 .ARM.attributes
                0x0000064b       0x32 c:/analog/cfs/1.0.0/tools/gcc/arm-none-eabi/bin/../lib/gcc/arm-none-eabi/12.3.1/thumb/v7e-m+fp/softfp\libc.a(libc_a-sbrkr.o)
 .ARM.attributes
                0x0000067d       0x32 c:/analog/cfs/1.0.0/tools/gcc/arm-none-eabi/bin/../lib/gcc/arm-none-eabi/12.3.1/thumb/v7e-m+fp/softfp\libc.a(libc_a-writer.o)
 .ARM.attributes
                0x000006af       0x32 c:/analog/cfs/1.0.0/tools/gcc/arm-none-eabi/bin/../lib/gcc/arm-none-eabi/12.3.1/thumb/v7e-m+fp/softfp\libc.a(libc_a-errno.o)
 .ARM.attributes
                0x000006e1       0x32 c:/analog/cfs/1.0.0/tools/gcc/arm-none-eabi/bin/../lib/gcc/arm-none-eabi/12.3.1/thumb/v7e-m+fp/softfp\libc.a(libc_a-init.o)
 .ARM.attributes
                0x00000713       0x32 c:/analog/cfs/1.0.0/tools/gcc/arm-none-eabi/bin/../lib/gcc/arm-none-eabi/12.3.1/thumb/v7e-m+fp/softfp\libc.a(libc_a-lock.o)
 .ARM.attributes
                0x00000745       0x32 c:/analog/cfs/1.0.0/tools/gcc/arm-none-eabi/bin/../lib/gcc/arm-none-eabi/12.3.1/thumb/v7e-m+fp/softfp\libc.a(libc_a-sysconf.o)
 .ARM.attributes
                0x00000777       0x20 c:/analog/cfs/1.0.0/tools/gcc/arm-none-eabi/bin/../lib/gcc/arm-none-eabi/12.3.1/thumb/v7e-m+fp/softfp\libc.a(libc_a-memcpy.o)
 .ARM.attributes
                0x00000797       0x1c c:/analog/cfs/1.0.0/tools/gcc/arm-none-eabi/bin/../lib/gcc/arm-none-eabi/12.3.1/thumb/v7e-m+fp/softfp\libc.a(libc_a-strlen.o)
 .ARM.attributes
                0x000007b3       0x32 c:/analog/cfs/1.0.0/tools/gcc/arm-none-eabi/bin/../lib/gcc/arm-none-eabi/12.3.1/thumb/v7e-m+fp/softfp\libc.a(libc_a-__call_atexit.o)
 .ARM.attributes
                0x000007e5       0x32 c:/analog/cfs/1.0.0/tools/gcc/arm-none-eabi/bin/../lib/gcc/arm-none-eabi/12.3.1/thumb/v7e-m+fp/softfp\libc.a(libc_a-atexit.o)
 .ARM.attributes
                0x00000817       0x32 c:/analog/cfs/1.0.0/tools/gcc/arm-none-eabi/bin/../lib/gcc/arm-none-eabi/12.3.1/thumb/v7e-m+fp/softfp\libc.a(libc_a-freer.o)
 .ARM.attributes
                0x00000849       0x32 c:/analog/cfs/1.0.0/tools/gcc/arm-none-eabi/bin/../lib/gcc/arm-none-eabi/12.3.1/thumb/v7e-m+fp/softfp\libc.a(libc_a-vfprintf.o)
 .ARM.attributes
                0x0000087b       0x32 c:/analog/cfs/1.0.0/tools/gcc/arm-none-eabi/bin/../lib/gcc/arm-none-eabi/12.3.1/thumb/v7e-m+fp/softfp\libc.a(libc_a-vfiprintf.o)
 .ARM.attributes
                0x000008ad       0x32 c:/analog/cfs/1.0.0/tools/gcc/arm-none-eabi/bin/../lib/gcc/arm-none-eabi/12.3.1/thumb/v7e-m+fp/softfp\libc.a(libc_a-fclose.o)
 .ARM.attributes
                0x000008df       0x32 c:/analog/cfs/1.0.0/tools/gcc/arm-none-eabi/bin/../lib/gcc/arm-none-eabi/12.3.1/thumb/v7e-m+fp/softfp\libc.a(libc_a-fflush.o)
 .ARM.attributes
                0x00000911       0x32 c:/analog/cfs/1.0.0/tools/gcc/arm-none-eabi/bin/../lib/gcc/arm-none-eabi/12.3.1/thumb/v7e-m+fp/softfp\libc.a(libc_a-fvwrite.o)
 .ARM.attributes
                0x00000943       0x32 c:/analog/cfs/1.0.0/tools/gcc/arm-none-eabi/bin/../lib/gcc/arm-none-eabi/12.3.1/thumb/v7e-m+fp/softfp\libc.a(libc_a-wsetup.o)
 .ARM.attributes
                0x00000975       0x32 c:/analog/cfs/1.0.0/tools/gcc/arm-none-eabi/bin/../lib/gcc/arm-none-eabi/12.3.1/thumb/v7e-m+fp/softfp\libc.a(libc_a-fputwc.o)
 .ARM.attributes
                0x000009a7       0x32 c:/analog/cfs/1.0.0/tools/gcc/arm-none-eabi/bin/../lib/gcc/arm-none-eabi/12.3.1/thumb/v7e-m+fp/softfp\libc.a(libc_a-memmove.o)
 .ARM.attributes
                0x000009d9       0x32 c:/analog/cfs/1.0.0/tools/gcc/arm-none-eabi/bin/../lib/gcc/arm-none-eabi/12.3.1/thumb/v7e-m+fp/softfp\libc.a(libc_a-strncpy.o)
 .ARM.attributes
                0x00000a0b       0x32 c:/analog/cfs/1.0.0/tools/gcc/arm-none-eabi/bin/../lib/gcc/arm-none-eabi/12.3.1/thumb/v7e-m+fp/softfp\libc.a(libc_a-locale.o)
 .ARM.attributes
                0x00000a3d       0x32 c:/analog/cfs/1.0.0/tools/gcc/arm-none-eabi/bin/../lib/gcc/arm-none-eabi/12.3.1/thumb/v7e-m+fp/softfp\libc.a(libc_a-localeconv.o)
 .ARM.attributes
                0x00000a6f       0x32 c:/analog/cfs/1.0.0/tools/gcc/arm-none-eabi/bin/../lib/gcc/arm-none-eabi/12.3.1/thumb/v7e-m+fp/softfp\libc.a(libc_a-fini.o)
 .ARM.attributes
                0x00000aa1       0x1c c:/analog/cfs/1.0.0/tools/gcc/arm-none-eabi/bin/../lib/gcc/arm-none-eabi/12.3.1/thumb/v7e-m+fp/softfp\libc.a(libc_a-memchr.o)
 .ARM.attributes
                0x00000abd       0x32 c:/analog/cfs/1.0.0/tools/gcc/arm-none-eabi/bin/../lib/gcc/arm-none-eabi/12.3.1/thumb/v7e-m+fp/softfp\libc.a(libm_a-s_frexp.o)
 .ARM.attributes
                0x00000aef       0x32 c:/analog/cfs/1.0.0/tools/gcc/arm-none-eabi/bin/../lib/gcc/arm-none-eabi/12.3.1/thumb/v7e-m+fp/softfp\libc.a(libc_a-__atexit.o)
 .ARM.attributes
                0x00000b21       0x32 c:/analog/cfs/1.0.0/tools/gcc/arm-none-eabi/bin/../lib/gcc/arm-none-eabi/12.3.1/thumb/v7e-m+fp/softfp\libc.a(libc_a-dtoa.o)
 .ARM.attributes
                0x00000b53       0x32 c:/analog/cfs/1.0.0/tools/gcc/arm-none-eabi/bin/../lib/gcc/arm-none-eabi/12.3.1/thumb/v7e-m+fp/softfp\libc.a(libc_a-mbtowc_r.o)
 .ARM.attributes
                0x00000b85       0x32 c:/analog/cfs/1.0.0/tools/gcc/arm-none-eabi/bin/../lib/gcc/arm-none-eabi/12.3.1/thumb/v7e-m+fp/softfp\libc.a(libc_a-mprec.o)
 .ARM.attributes
                0x00000bb7       0x32 c:/analog/cfs/1.0.0/tools/gcc/arm-none-eabi/bin/../lib/gcc/arm-none-eabi/12.3.1/thumb/v7e-m+fp/softfp\libc.a(libc_a-reallocr.o)
 .ARM.attributes
                0x00000be9       0x32 c:/analog/cfs/1.0.0/tools/gcc/arm-none-eabi/bin/../lib/gcc/arm-none-eabi/12.3.1/thumb/v7e-m+fp/softfp\libc.a(libc_a-wctomb_r.o)
 .ARM.attributes
                0x00000c1b       0x32 c:/analog/cfs/1.0.0/tools/gcc/arm-none-eabi/bin/../lib/gcc/arm-none-eabi/12.3.1/thumb/v7e-m+fp/softfp\libc.a(libc_a-wcrtomb.o)
 .ARM.attributes
                0x00000c4d       0x32 c:/analog/cfs/1.0.0/tools/gcc/arm-none-eabi/bin/../lib/gcc/arm-none-eabi/12.3.1/thumb/v7e-m+fp/softfp\libc.a(libc_a-wcsrtombs.o)
 .ARM.attributes
                0x00000c7f       0x32 c:/analog/cfs/1.0.0/tools/gcc/arm-none-eabi/bin/../lib/gcc/arm-none-eabi/12.3.1/thumb/v7e-m+fp/softfp\libc.a(libc_a-ctype_.o)
 .ARM.attributes
                0x00000cb1       0x32 c:/analog/cfs/1.0.0/tools/gcc/arm-none-eabi/bin/../lib/gcc/arm-none-eabi/12.3.1/thumb/v7e-m+fp/softfp\libc.a(libc_a-makebuf.o)
 .ARM.attributes
                0x00000ce3       0x32 c:/analog/cfs/1.0.0/tools/gcc/arm-none-eabi/bin/../lib/gcc/arm-none-eabi/12.3.1/thumb/v7e-m+fp/softfp\libc.a(libc_a-wbuf.o)
 .ARM.attributes
                0x00000d15       0x32 c:/analog/cfs/1.0.0/tools/gcc/arm-none-eabi/bin/../lib/gcc/arm-none-eabi/12.3.1/thumb/v7e-m+fp/softfp\libc.a(libc_a-fstatr.o)
 .ARM.attributes
                0x00000d47       0x32 c:/analog/cfs/1.0.0/tools/gcc/arm-none-eabi/bin/../lib/gcc/arm-none-eabi/12.3.1/thumb/v7e-m+fp/softfp\libc.a(libc_a-isattyr.o)
 .ARM.attributes
                0x00000d79       0x32 c:/analog/cfs/1.0.0/tools/gcc/arm-none-eabi/bin/../lib/gcc/arm-none-eabi/12.3.1/thumb/v7e-m+fp/softfp\libc.a(libc_a-assert.o)
 .ARM.attributes
                0x00000dab       0x32 c:/analog/cfs/1.0.0/tools/gcc/arm-none-eabi/bin/../lib/gcc/arm-none-eabi/12.3.1/thumb/v7e-m+fp/softfp\libc.a(libc_a-callocr.o)
 .ARM.attributes
                0x00000ddd       0x32 c:/analog/cfs/1.0.0/tools/gcc/arm-none-eabi/bin/../lib/gcc/arm-none-eabi/12.3.1/thumb/v7e-m+fp/softfp\libc.a(libc_a-wcsnrtombs.o)
 .ARM.attributes
                0x00000e0f       0x32 c:/analog/cfs/1.0.0/tools/gcc/arm-none-eabi/bin/../lib/gcc/arm-none-eabi/12.3.1/thumb/v7e-m+fp/softfp\libc.a(libc_a-fiprintf.o)
 .ARM.attributes
                0x00000e41       0x32 c:/analog/cfs/1.0.0/tools/gcc/arm-none-eabi/bin/../lib/gcc/arm-none-eabi/12.3.1/thumb/v7e-m+fp/softfp\libc.a(libc_a-abort.o)
 .ARM.attributes
                0x00000e73       0x32 c:/analog/cfs/1.0.0/tools/gcc/arm-none-eabi/bin/../lib/gcc/arm-none-eabi/12.3.1/thumb/v7e-m+fp/softfp\libc.a(libc_a-signal.o)
 .ARM.attributes
                0x00000ea5       0x32 c:/analog/cfs/1.0.0/tools/gcc/arm-none-eabi/bin/../lib/gcc/arm-none-eabi/12.3.1/thumb/v7e-m+fp/softfp\libc.a(libc_a-signalr.o)
 .ARM.attributes
                0x00000ed7       0x32 c:/analog/cfs/1.0.0/tools/gcc/arm-none-eabi/bin/../lib/gcc/arm-none-eabi/12.3.1/thumb/v7e-m+fp/softfp\libnosys.a(_exit.o)
 .ARM.attributes
                0x00000f09       0x22 c:/analog/cfs/1.0.0/tools/gcc/arm-none-eabi/bin/../lib/gcc/arm-none-eabi/12.3.1/thumb/v7e-m+fp/softfp\libgcc.a(_arm_addsubdf3.o)
 .ARM.attributes
                0x00000f2b       0x22 c:/analog/cfs/1.0.0/tools/gcc/arm-none-eabi/bin/../lib/gcc/arm-none-eabi/12.3.1/thumb/v7e-m+fp/softfp\libgcc.a(_arm_muldivdf3.o)
 .ARM.attributes
                0x00000f4d       0x22 c:/analog/cfs/1.0.0/tools/gcc/arm-none-eabi/bin/../lib/gcc/arm-none-eabi/12.3.1/thumb/v7e-m+fp/softfp\libgcc.a(_arm_cmpdf2.o)
 .ARM.attributes
                0x00000f6f       0x22 c:/analog/cfs/1.0.0/tools/gcc/arm-none-eabi/bin/../lib/gcc/arm-none-eabi/12.3.1/thumb/v7e-m+fp/softfp\libgcc.a(_arm_unorddf2.o)
 .ARM.attributes
                0x00000f91       0x22 c:/analog/cfs/1.0.0/tools/gcc/arm-none-eabi/bin/../lib/gcc/arm-none-eabi/12.3.1/thumb/v7e-m+fp/softfp\libgcc.a(_arm_fixdfsi.o)
 .ARM.attributes
                0x00000fb3       0x22 c:/analog/cfs/1.0.0/tools/gcc/arm-none-eabi/bin/../lib/gcc/arm-none-eabi/12.3.1/thumb/v7e-m+fp/softfp\libgcc.a(_aeabi_uldivmod.o)
 .ARM.attributes
                0x00000fd5       0x32 c:/analog/cfs/1.0.0/tools/gcc/arm-none-eabi/bin/../lib/gcc/arm-none-eabi/12.3.1/thumb/v7e-m+fp/softfp\libgcc.a(_udivmoddi4.o)
 .ARM.attributes
                0x00001007       0x22 c:/analog/cfs/1.0.0/tools/gcc/arm-none-eabi/bin/../lib/gcc/arm-none-eabi/12.3.1/thumb/v7e-m+fp/softfp\libgcc.a(_dvmd_tls.o)
 .ARM.attributes
                0x00001029       0x32 c:/analog/cfs/1.0.0/tools/gcc/arm-none-eabi/bin/../lib/gcc/arm-none-eabi/12.3.1/thumb/v7e-m+fp/softfp/crtend.o
 .ARM.attributes
                0x0000105b       0x22 c:/analog/cfs/1.0.0/tools/gcc/arm-none-eabi/bin/../lib/gcc/arm-none-eabi/12.3.1/thumb/v7e-m+fp/softfp/crtn.o

.comment        0x00000000       0x45
 .comment       0x00000000       0x45 c:/MaximSDK/Examples/MAX78000/Flash-activity/build/main.o
                                 0x46 (size before relaxing)
 .comment       0x00000045       0x46 c:/MaximSDK/Examples/MAX78000/Flash-activity/build/board.o
 .comment       0x00000045       0x46 c:/MaximSDK/Examples/MAX78000/Flash-activity/build/stdio.o
 .comment       0x00000045       0x46 c:/MaximSDK/Examples/MAX78000/Flash-activity/build/led.o
 .comment       0x00000045       0x46 c:/MaximSDK/Examples/MAX78000/Flash-activity/build/pb.o
 .comment       0x00000045       0x46 c:/MaximSDK/Examples/MAX78000/Flash-activity/build/heap.o
 .comment       0x00000045       0x46 c:/MaximSDK/Examples/MAX78000/Flash-activity/build/system_max78000.o
 .comment       0x00000045       0x46 C:/analog/cfs/1.0.0/SDK/MAX/Libraries/PeriphDrivers/bin/MAX78000/spi-v1_softfp/libPeriphDriver_spi-v1_softfp.a(mxc_delay.o)
 .comment       0x00000045       0x46 C:/analog/cfs/1.0.0/SDK/MAX/Libraries/PeriphDrivers/bin/MAX78000/spi-v1_softfp/libPeriphDriver_spi-v1_softfp.a(pins_ai85.o)
 .comment       0x00000045       0x46 C:/analog/cfs/1.0.0/SDK/MAX/Libraries/PeriphDrivers/bin/MAX78000/spi-v1_softfp/libPeriphDriver_spi-v1_softfp.a(sys_ai85.o)
 .comment       0x00000045       0x46 C:/analog/cfs/1.0.0/SDK/MAX/Libraries/PeriphDrivers/bin/MAX78000/spi-v1_softfp/libPeriphDriver_spi-v1_softfp.a(gpio_ai85.o)
 .comment       0x00000045       0x46 C:/analog/cfs/1.0.0/SDK/MAX/Libraries/PeriphDrivers/bin/MAX78000/spi-v1_softfp/libPeriphDriver_spi-v1_softfp.a(gpio_reva.o)
 .comment       0x00000045       0x46 C:/analog/cfs/1.0.0/SDK/MAX/Libraries/PeriphDrivers/bin/MAX78000/spi-v1_softfp/libPeriphDriver_spi-v1_softfp.a(icc_me17.o)
 .comment       0x00000045       0x46 C:/analog/cfs/1.0.0/SDK/MAX/Libraries/PeriphDrivers/bin/MAX78000/spi-v1_softfp/libPeriphDriver_spi-v1_softfp.a(icc_reva.o)
 .comment       0x00000045       0x46 C:/analog/cfs/1.0.0/SDK/MAX/Libraries/PeriphDrivers/bin/MAX78000/spi-v1_softfp/libPeriphDriver_spi-v1_softfp.a(uart_ai85.o)
 .comment       0x00000045       0x46 C:/analog/cfs/1.0.0/SDK/MAX/Libraries/PeriphDrivers/bin/MAX78000/spi-v1_softfp/libPeriphDriver_spi-v1_softfp.a(uart_common.o)
 .comment       0x00000045       0x46 C:/analog/cfs/1.0.0/SDK/MAX/Libraries/PeriphDrivers/bin/MAX78000/spi-v1_softfp/libPeriphDriver_spi-v1_softfp.a(uart_revb.o)
 .comment       0x00000045       0x46 C:/analog/cfs/1.0.0/SDK/MAX/Libraries/PeriphDrivers/bin/MAX78000/spi-v1_softfp/libPeriphDriver_spi-v1_softfp.a(gpio_common.o)

.debug_info     0x00000000     0xe54d
 .debug_info    0x00000000      0xd17 c:/MaximSDK/Examples/MAX78000/Flash-activity/build/main.o
 .debug_info    0x00000d17     0x1009 c:/MaximSDK/Examples/MAX78000/Flash-activity/build/board.o
 .debug_info    0x00001d20      0x6c2 c:/MaximSDK/Examples/MAX78000/Flash-activity/build/stdio.o
 .debug_info    0x000023e2      0x6a8 c:/MaximSDK/Examples/MAX78000/Flash-activity/build/led.o